
 Start         Length     Name                   Class
 0001:00000000 000B223CH .text                   CODE
 0002:00000000 00004CA8H .data                   DATA
 0002:00004CA8 00002049H .bss                    BSS


Detailed map of segments

 0001:00000000 000058C3 C=CODE     S=.text    G=(none)   M=System   ACBP=A9
 0001:000058C4 00000140 C=CODE     S=.text    G=(none)   M=SysInit  ACBP=A9
 0001:00005A04 00000078 C=CODE     S=.text    G=(none)   M=Types    ACBP=A9
 0001:00005A7C 00001408 C=CODE     S=.text    G=(none)   M=Windows  ACBP=A9
 0001:00006E84 00000218 C=CODE     S=.text    G=(none)   M=madTypes ACBP=A9
 0001:0000709C 000039DC C=CODE     S=.text    G=(none)   M=madStrings ACBP=A9
 0001:0000AA78 00000038 C=CODE     S=.text    G=(none)   M=Messages ACBP=A9
 0001:0000AAB0 0000120C C=CODE     S=.text    G=(none)   M=madNVPrgrAlert ACBP=A9
 0001:0000BCBC 0000357B C=CODE     S=.text    G=(none)   M=madTools ACBP=A9
 0001:0000F238 000069B0 C=CODE     S=.text    G=(none)   M=madDisAsm ACBP=A9
 0001:00015BE8 00004784 C=CODE     S=.text    G=(none)   M=madZip   ACBP=A9
 0001:0001A36C 00000AB4 C=CODE     S=.text    G=(none)   M=madCrypt ACBP=A9
 0001:0001AE20 000058AF C=CODE     S=.text    G=(none)   M=madMapFile ACBP=A9
 0001:000206D0 000042F4 C=CODE     S=.text    G=(none)   M=madStackTrace ACBP=A9
 0001:000249C4 00002AE8 C=CODE     S=.text    G=(none)   M=madNVBitmap ACBP=A9
 0001:000274AC 000064F0 C=CODE     S=.text    G=(none)   M=madNVAssistant ACBP=A9
 0001:0002D99C 00000044 C=CODE     S=.text    G=(none)   M=ActiveX  ACBP=A9
 0001:0002D9E0 000000FC C=CODE     S=.text    G=(none)   M=CommCtrl ACBP=A9
 0001:0002DADC 00000050 C=CODE     S=.text    G=(none)   M=ShellAPI ACBP=A9
 0001:0002DB2C 00000038 C=CODE     S=.text    G=(none)   M=RegStr   ACBP=A9
 0001:0002DB64 00000038 C=CODE     S=.text    G=(none)   M=WinInet  ACBP=A9
 0001:0002DB9C 00000038 C=CODE     S=.text    G=(none)   M=UrlMon   ACBP=A9
 0001:0002DBD4 00000038 C=CODE     S=.text    G=(none)   M=ShlObj   ACBP=A9
 0001:0002DC0C 00000050 C=CODE     S=.text    G=(none)   M=CommDlg  ACBP=A9
 0001:0002DC5C 00000328 C=CODE     S=.text    G=(none)   M=SysConst ACBP=A9
 0001:0002DF84 000000C0 C=CODE     S=.text    G=(none)   M=WinSock  ACBP=A9
 0001:0002E044 0003259E C=CODE     S=.text    G=(none)   M=madExcept ACBP=A9
 0001:000605E4 00000047 C=CODE     S=.text    G=(none)   M=madLinkDisAsm ACBP=A9
 0001:0006062C 00000F64 C=CODE     S=.text    G=(none)   M=madListHardware ACBP=A9
 0001:00061590 00000C2C C=CODE     S=.text    G=(none)   M=madListProcesses ACBP=A9
 0001:000621BC 00000598 C=CODE     S=.text    G=(none)   M=madListModules ACBP=A9
 0001:00062754 00006630 C=CODE     S=.text    G=(none)   M=SysUtils ACBP=A9
 0001:00068D84 000007FB C=CODE     S=.text    G=(none)   M=VarUtils ACBP=A9
 0001:00069580 00002A42 C=CODE     S=.text    G=(none)   M=Variants ACBP=A9
 0001:0006BFC4 00000120 C=CODE     S=.text    G=(none)   M=RTLConsts ACBP=A9
 0001:0006C0E4 000007E8 C=CODE     S=.text    G=(none)   M=TypInfo  ACBP=A9
 0001:0006C8CC 00009792 C=CODE     S=.text    G=(none)   M=Classes  ACBP=A9
 0001:00076060 000002A0 C=CODE     S=.text    G=(none)   M=Consts   ACBP=A9
 0001:00076300 00007377 C=CODE     S=.text    G=(none)   M=Graphics ACBP=A9
 0001:0007D678 00000048 C=CODE     S=.text    G=(none)   M=Math     ACBP=A9
 0001:0007D6C0 000002B8 C=CODE     S=.text    G=(none)   M=Contnrs  ACBP=A9
 0001:0007D978 00000787 C=CODE     S=.text    G=(none)   M=MultiMon ACBP=A9
 0001:0007E100 00000038 C=CODE     S=.text    G=(none)   M=Imm      ACBP=A9
 0001:0007E138 00000FF8 C=CODE     S=.text    G=(none)   M=HelpIntfs ACBP=A9
 0001:0007F130 00000038 C=CODE     S=.text    G=(none)   M=WinSpool ACBP=A9
 0001:0007F168 00000044 C=CODE     S=.text    G=(none)   M=Printers ACBP=A9
 0001:0007F1AC 0000031F C=CODE     S=.text    G=(none)   M=FlatSB   ACBP=A9
 0001:0007F4CC 000001A4 C=CODE     S=.text    G=(none)   M=SyncObjs ACBP=A9
 0001:0007F670 000009BB C=CODE     S=.text    G=(none)   M=UxTheme  ACBP=A9
 0001:0008002C 00000038 C=CODE     S=.text    G=(none)   M=RichEdit ACBP=A9
 0001:00080064 00000038 C=CODE     S=.text    G=(none)   M=ToolWin  ACBP=A9
 0001:0008009C 00000038 C=CODE     S=.text    G=(none)   M=Dlgs     ACBP=A9
 0001:000800D4 0000066D C=CODE     S=.text    G=(none)   M=Dialogs  ACBP=A9
 0001:00080744 00000652 C=CODE     S=.text    G=(none)   M=ExtCtrls ACBP=A9
 0001:00080D98 00000038 C=CODE     S=.text    G=(none)   M=ComStrs  ACBP=A9
 0001:00080DD0 00000094 C=CODE     S=.text    G=(none)   M=Clipbrd  ACBP=A9
 0001:00080E64 00000038 C=CODE     S=.text    G=(none)   M=StrUtils ACBP=A9
 0001:00080E9C 000000F5 C=CODE     S=.text    G=(none)   M=Buttons  ACBP=A9
 0001:00080F94 00000038 C=CODE     S=.text    G=(none)   M=ExtDlgs  ACBP=A9
 0001:00080FCC 00000068 C=CODE     S=.text    G=(none)   M=IniFiles ACBP=A9
 0001:00081034 00000068 C=CODE     S=.text    G=(none)   M=Registry ACBP=A9
 0001:0008109C 0000006C C=CODE     S=.text    G=(none)   M=Mapi     ACBP=A9
 0001:00081108 00000058 C=CODE     S=.text    G=(none)   M=ExtActns ACBP=A9
 0001:00081160 00000038 C=CODE     S=.text    G=(none)   M=ListActns ACBP=A9
 0001:00081198 00000180 C=CODE     S=.text    G=(none)   M=ComCtrls ACBP=A9
 0001:00081318 00000A0C C=CODE     S=.text    G=(none)   M=Themes   ACBP=A9
 0001:00081D24 00005D44 C=CODE     S=.text    G=(none)   M=StdCtrls ACBP=A9
 0001:00087A68 00000168 C=CODE     S=.text    G=(none)   M=StdActns ACBP=A9
 0001:00087BD0 00000D1F C=CODE     S=.text    G=(none)   M=WinHelpViewer ACBP=A9
 0001:000888F0 00010CC3 C=CODE     S=.text    G=(none)   M=Controls ACBP=A9
 0001:000995B4 00001292 C=CODE     S=.text    G=(none)   M=ActnList ACBP=A9
 0001:0009A848 000016E4 C=CODE     S=.text    G=(none)   M=ImgList  ACBP=A9
 0001:0009BF2C 00006639 C=CODE     S=.text    G=(none)   M=Menus    ACBP=A9
 0001:000A2568 0000C410 C=CODE     S=.text    G=(none)   M=Forms    ACBP=A9
 0001:000AE978 00000038 C=CODE     S=.text    G=(none)   M=synafpc  ACBP=A9
 0001:000AE9B0 000005B8 C=CODE     S=.text    G=(none)   M=synautil ACBP=A9
 0001:000AEF68 00002750 C=CODE     S=.text    G=(none)   M=synaser  ACBP=A9
 0001:000B16B8 00000894 C=CODE     S=.text    G=(none)   M=Form     ACBP=A9
 0001:000B1F4C 000002ED C=CODE     S=.text    G=(none)   M=CtlXY    ACBP=A9
 0002:00000000 000000A0 C=DATA     S=.data    G=DGROUP   M=System   ACBP=A9
 0002:000000A0 00000020 C=DATA     S=.data    G=DGROUP   M=SysInit  ACBP=A9
 0002:000000C0 000002DC C=DATA     S=.data    G=DGROUP   M=madStrings ACBP=A9
 0002:0000039C 00000090 C=DATA     S=.data    G=DGROUP   M=madTools ACBP=A9
 0002:0000042C 0000084D C=DATA     S=.data    G=DGROUP   M=madDisAsm ACBP=A9
 0002:00000C7C 000010C4 C=DATA     S=.data    G=DGROUP   M=madZip   ACBP=A9
 0002:00001D40 0000108C C=DATA     S=.data    G=DGROUP   M=madCrypt ACBP=A9
 0002:00002DCC 00000020 C=DATA     S=.data    G=DGROUP   M=madMapFile ACBP=A9
 0002:00002DEC 00000004 C=DATA     S=.data    G=DGROUP   M=madStackTrace ACBP=A9
 0002:00002DF0 00000010 C=DATA     S=.data    G=DGROUP   M=madNVAssistant ACBP=A9
 0002:00002E00 00000ADC C=DATA     S=.data    G=DGROUP   M=madExcept ACBP=A9
 0002:000038DC 00000018 C=DATA     S=.data    G=DGROUP   M=madListProcesses ACBP=A9
 0002:000038F4 00000254 C=DATA     S=.data    G=DGROUP   M=SysUtils ACBP=A9
 0002:00003B48 00000008 C=DATA     S=.data    G=DGROUP   M=VarUtils ACBP=A9
 0002:00003B50 0000008E C=DATA     S=.data    G=DGROUP   M=Variants ACBP=A9
 0002:00003BE0 0000000C C=DATA     S=.data    G=DGROUP   M=TypInfo  ACBP=A9
 0002:00003BEC 00000064 C=DATA     S=.data    G=DGROUP   M=Classes  ACBP=A9
 0002:00003C50 00000304 C=DATA     S=.data    G=DGROUP   M=Graphics ACBP=A9
 0002:00003F54 00000004 C=DATA     S=.data    G=DGROUP   M=Printers ACBP=A9
 0002:00003F58 00000074 C=DATA     S=.data    G=DGROUP   M=Dialogs  ACBP=A9
 0002:00003FCC 00000178 C=DATA     S=.data    G=DGROUP   M=ExtCtrls ACBP=A9
 0002:00004144 0000002C C=DATA     S=.data    G=DGROUP   M=Buttons  ACBP=A9
 0002:00004170 00000008 C=DATA     S=.data    G=DGROUP   M=IniFiles ACBP=A9
 0002:00004178 00000008 C=DATA     S=.data    G=DGROUP   M=Registry ACBP=A9
 0002:00004180 00000008 C=DATA     S=.data    G=DGROUP   M=Mapi     ACBP=A9
 0002:00004188 00000018 C=DATA     S=.data    G=DGROUP   M=ComCtrls ACBP=A9
 0002:000041A0 00000068 C=DATA     S=.data    G=DGROUP   M=Themes   ACBP=A9
 0002:00004208 000000D8 C=DATA     S=.data    G=DGROUP   M=StdCtrls ACBP=A9
 0002:000042E0 0000013C C=DATA     S=.data    G=DGROUP   M=Controls ACBP=A9
 0002:0000441C 00000020 C=DATA     S=.data    G=DGROUP   M=ImgList  ACBP=A9
 0002:0000443C 000000EC C=DATA     S=.data    G=DGROUP   M=Menus    ACBP=A9
 0002:00004528 0000011C C=DATA     S=.data    G=DGROUP   M=Forms    ACBP=A9
 0002:00004644 0000016C C=DATA     S=.data    G=DGROUP   M=synautil ACBP=A9
 0002:00005000 00000660 C=BSS      S=.bss     G=DGROUP   M=System   ACBP=A9
 0002:00005660 00000010 C=BSS      S=.bss     G=DGROUP   M=SysInit  ACBP=A9
 0002:00005670 00000004 C=BSS      S=.bss     G=DGROUP   M=Types    ACBP=A9
 0002:00005674 00000004 C=BSS      S=.bss     G=DGROUP   M=Windows  ACBP=A9
 0002:00005678 00000004 C=BSS      S=.bss     G=DGROUP   M=madTypes ACBP=A9
 0002:0000567C 0000000C C=BSS      S=.bss     G=DGROUP   M=madStrings ACBP=A9
 0002:00005688 00000004 C=BSS      S=.bss     G=DGROUP   M=Messages ACBP=A9
 0002:0000568C 00000004 C=BSS      S=.bss     G=DGROUP   M=madNVPrgrAlert ACBP=A9
 0002:00005690 00000028 C=BSS      S=.bss     G=DGROUP   M=madTools ACBP=A9
 0002:000056B8 00000004 C=BSS      S=.bss     G=DGROUP   M=madDisAsm ACBP=A9
 0002:000056BC 00001114 C=BSS      S=.bss     G=DGROUP   M=madZip   ACBP=A9
 0002:000067D0 00000004 C=BSS      S=.bss     G=DGROUP   M=madCrypt ACBP=A9
 0002:000067D4 00000008 C=BSS      S=.bss     G=DGROUP   M=madMapFile ACBP=A9
 0002:000067DC 00000014 C=BSS      S=.bss     G=DGROUP   M=madStackTrace ACBP=A9
 0002:000067F0 00000004 C=BSS      S=.bss     G=DGROUP   M=madNVBitmap ACBP=A9
 0002:000067F4 00000004 C=BSS      S=.bss     G=DGROUP   M=madNVAssistant ACBP=A9
 0002:000067F8 00000004 C=BSS      S=.bss     G=DGROUP   M=ActiveX  ACBP=A9
 0002:000067FC 00000004 C=BSS      S=.bss     G=DGROUP   M=CommCtrl ACBP=A9
 0002:00006800 00000004 C=BSS      S=.bss     G=DGROUP   M=ShellAPI ACBP=A9
 0002:00006804 00000004 C=BSS      S=.bss     G=DGROUP   M=RegStr   ACBP=A9
 0002:00006808 00000004 C=BSS      S=.bss     G=DGROUP   M=WinInet  ACBP=A9
 0002:0000680C 00000004 C=BSS      S=.bss     G=DGROUP   M=UrlMon   ACBP=A9
 0002:00006810 00000004 C=BSS      S=.bss     G=DGROUP   M=ShlObj   ACBP=A9
 0002:00006814 00000004 C=BSS      S=.bss     G=DGROUP   M=CommDlg  ACBP=A9
 0002:00006818 00000004 C=BSS      S=.bss     G=DGROUP   M=SysConst ACBP=A9
 0002:0000681C 00000004 C=BSS      S=.bss     G=DGROUP   M=WinSock  ACBP=A9
 0002:00006820 000000CC C=BSS      S=.bss     G=DGROUP   M=madExcept ACBP=A9
 0002:000068EC 00000004 C=BSS      S=.bss     G=DGROUP   M=madLinkDisAsm ACBP=A9
 0002:000068F0 00000004 C=BSS      S=.bss     G=DGROUP   M=madListHardware ACBP=A9
 0002:000068F4 00000004 C=BSS      S=.bss     G=DGROUP   M=madListProcesses ACBP=A9
 0002:000068F8 00000004 C=BSS      S=.bss     G=DGROUP   M=madListModules ACBP=A9
 0002:000068FC 00000120 C=BSS      S=.bss     G=DGROUP   M=SysUtils ACBP=A9
 0002:00006A1C 0000005C C=BSS      S=.bss     G=DGROUP   M=VarUtils ACBP=A9
 0002:00006A78 00000040 C=BSS      S=.bss     G=DGROUP   M=Variants ACBP=A9
 0002:00006AB8 00000004 C=BSS      S=.bss     G=DGROUP   M=RTLConsts ACBP=A9
 0002:00006ABC 00000004 C=BSS      S=.bss     G=DGROUP   M=TypInfo  ACBP=A9
 0002:00006AC0 00000040 C=BSS      S=.bss     G=DGROUP   M=Classes  ACBP=A9
 0002:00006B00 00000004 C=BSS      S=.bss     G=DGROUP   M=Consts   ACBP=A9
 0002:00006B04 00000060 C=BSS      S=.bss     G=DGROUP   M=Graphics ACBP=A9
 0002:00006B64 00000004 C=BSS      S=.bss     G=DGROUP   M=Math     ACBP=A9
 0002:00006B68 00000004 C=BSS      S=.bss     G=DGROUP   M=Contnrs  ACBP=A9
 0002:00006B6C 00000031 C=BSS      S=.bss     G=DGROUP   M=MultiMon ACBP=A9
 0002:00006BA0 00000004 C=BSS      S=.bss     G=DGROUP   M=Imm      ACBP=A9
 0002:00006BA4 00000008 C=BSS      S=.bss     G=DGROUP   M=HelpIntfs ACBP=A9
 0002:00006BAC 00000004 C=BSS      S=.bss     G=DGROUP   M=WinSpool ACBP=A9
 0002:00006BB0 00000004 C=BSS      S=.bss     G=DGROUP   M=Printers ACBP=A9
 0002:00006BB4 00000034 C=BSS      S=.bss     G=DGROUP   M=FlatSB   ACBP=A9
 0002:00006BE8 00000004 C=BSS      S=.bss     G=DGROUP   M=SyncObjs ACBP=A9
 0002:00006BEC 000000CC C=BSS      S=.bss     G=DGROUP   M=UxTheme  ACBP=A9
 0002:00006CB8 00000004 C=BSS      S=.bss     G=DGROUP   M=RichEdit ACBP=A9
 0002:00006CBC 00000004 C=BSS      S=.bss     G=DGROUP   M=ToolWin  ACBP=A9
 0002:00006CC0 00000004 C=BSS      S=.bss     G=DGROUP   M=Dlgs     ACBP=A9
 0002:00006CC4 0000000C C=BSS      S=.bss     G=DGROUP   M=Dialogs  ACBP=A9
 0002:00006CD0 00000004 C=BSS      S=.bss     G=DGROUP   M=ExtCtrls ACBP=A9
 0002:00006CD4 00000004 C=BSS      S=.bss     G=DGROUP   M=ComStrs  ACBP=A9
 0002:00006CD8 0000000C C=BSS      S=.bss     G=DGROUP   M=Clipbrd  ACBP=A9
 0002:00006CE4 00000004 C=BSS      S=.bss     G=DGROUP   M=StrUtils ACBP=A9
 0002:00006CE8 00000030 C=BSS      S=.bss     G=DGROUP   M=Buttons  ACBP=A9
 0002:00006D18 00000004 C=BSS      S=.bss     G=DGROUP   M=ExtDlgs  ACBP=A9
 0002:00006D1C 00000004 C=BSS      S=.bss     G=DGROUP   M=IniFiles ACBP=A9
 0002:00006D20 00000004 C=BSS      S=.bss     G=DGROUP   M=Registry ACBP=A9
 0002:00006D24 00000004 C=BSS      S=.bss     G=DGROUP   M=Mapi     ACBP=A9
 0002:00006D28 00000009 C=BSS      S=.bss     G=DGROUP   M=ExtActns ACBP=A9
 0002:00006D34 00000004 C=BSS      S=.bss     G=DGROUP   M=ListActns ACBP=A9
 0002:00006D38 00000010 C=BSS      S=.bss     G=DGROUP   M=ComCtrls ACBP=A9
 0002:00006D48 00000008 C=BSS      S=.bss     G=DGROUP   M=Themes   ACBP=A9
 0002:00006D50 00000004 C=BSS      S=.bss     G=DGROUP   M=StdCtrls ACBP=A9
 0002:00006D54 00000004 C=BSS      S=.bss     G=DGROUP   M=StdActns ACBP=A9
 0002:00006D58 00000014 C=BSS      S=.bss     G=DGROUP   M=WinHelpViewer ACBP=A9
 0002:00006D6C 00000080 C=BSS      S=.bss     G=DGROUP   M=Controls ACBP=A9
 0002:00006DEC 00000004 C=BSS      S=.bss     G=DGROUP   M=ActnList ACBP=A9
 0002:00006DF0 0000000C C=BSS      S=.bss     G=DGROUP   M=ImgList  ACBP=A9
 0002:00006DFC 00000010 C=BSS      S=.bss     G=DGROUP   M=Menus    ACBP=A9
 0002:00006E0C 00000020 C=BSS      S=.bss     G=DGROUP   M=Forms    ACBP=A9
 0002:00006E2C 00000004 C=BSS      S=.bss     G=DGROUP   M=synafpc  ACBP=A9
 0002:00006E30 00000038 C=BSS      S=.bss     G=DGROUP   M=synautil ACBP=A9
 0002:00006E68 00000004 C=BSS      S=.bss     G=DGROUP   M=synaser  ACBP=A9
 0002:00006E6C 000001DC C=BSS      S=.bss     G=DGROUP   M=Form     ACBP=A9


  Address         Publics by Name

 0002:00006BA0       .1
 0002:00006BD4       .1
 0002:00006CA8       .1
 0002:00006CB8       .1
 0002:00006CC0       .1
 0002:00006B8C       .1
 0002:000067F4       .1
 0002:00006E2C       .1
 0002:000067D0       .1
 0002:00006CD4       .1
 0002:000067FC       .1
 0002:00006800       .1
 0002:00006804       .1
 0002:00006AB8       .1
 0002:00006808       .1
 0002:0000680C       .1
 0002:00006810       .1
 0002:00006814       .1
 0002:0000567C       .1
 0002:00006818       .1
 0002:0000681C       .1
 0002:00006CE4       .1
 0002:000068EC       .1
 0002:000068F0       .1
 0002:00006D24       .1
 0002:000068F4       .1
 0002:000068F8       .1
 0002:00006D60       .1
 0002:000056BC       .1
 0002:00005690       .1
 0002:00005670       .1
 0002:00006B00       .1
 0002:0000568C       .1
 0002:00005668       .1
 0002:000067DC       .1
 0002:00005688       .1
 0002:000067F0       .1
 0002:00006CC4       .11
 0002:00006CD0       .12
 0002:00006B08       .12
 0002:00006CDC       .2
 0002:00006E60       .2
 0002:00006B64       .2
 0002:00006D48       .2
 0002:00006BA4       .2
 0002:00007044       .2
 0002:00005678       .2
 0002:00006B68       .21
 0002:00006DF0       .3
 0002:00006BB0       .3
 0002:00006BAC       .3
 0002:00005674       .3
 0002:00006D18       .3
 0002:00006E68       .3
 0002:00006824       .3
 0002:000067F8       .3
 0002:00006A0C       .35
 0002:00006D38       .36
 0002:00006CE8       .4
 0002:00006CBC       .4
 0002:00006E14       .41
 0002:00006D50       .42
 0002:00006ACC       .45
 0002:00006A74       .5
 0002:000055B8       .5
 0002:000067D4       .5
 0002:000056B8       .5
 0002:00006D20       .5
 0002:00006BE8       .6
 0002:00006ABC       .6
 0002:00006D74       .72
 0002:00006D28       .72
 0002:00006D54       .73
 0002:00006DEC       .8
 0002:00006D1C       .8
 0002:00006D34       .8
 0002:00006A98       .81
 0002:00006E04       .9
 0001:00001B24       @AbstractError
 0001:00002ADC       @AfterConstruction
 0001:00002928       @AsClass
 0001:00001DFC       @Assign
 0001:00001FBC       @AStrCmp
 0001:00002AEC       @BeforeDestruction
 0001:00002974       @CallDynaInst
 0001:00002A84       @ClassCreate
 0001:00002AD4       @ClassDestroy
 0001:00001EC4       @Close
 0001:000018EC       @Copy
 0001:00004604       @CopyArray
 0001:000044E8       @CopyRecord
 0001:0000471C       @DispCallByIDError
 0001:0006A020       @DispInvokeError
 0001:0000470C       @Dispose
 0001:0000302C       @DoneExcept
 0001:00004BA0       @DynArrayAddRef
 0001:00004B78       @DynArrayAsg
 0001:00004B3C       @DynArrayClear
 0001:00004A28       @DynArrayCopy
 0001:00004A48       @DynArrayCopyRange
 0001:00004868       @DynArrayHigh
 0001:00004860       @DynArrayLength
 0001:00004A1C       @DynArraySetLength
 0001:00003114       @ExceptionHandler
 0001:0000202C       @FillChar
 0001:000044C4       @Finalize
 0001:000043D8       @FinalizeArray
 0001:0000438C       @FinalizeRecord
 0001:00001EB8       @Flush
 0001:000026B4       @FpuInit
 0001:000025F0       @FpuMaskInit
 0001:0000174C       @FreeMem
 0001:0000172C       @GetMem
 0001:0000593C       @GetTls
 0001:0000355C       @Halt
 0001:00003484       @Halt0
 0001:00002C00       @HandleAnyException
 0001:00002EEC       @HandleAutoException
 0001:00002EB4       @HandleFinally
 0001:00002D2C       @HandleOnException
 0001:00005988       @InitExe
 0001:00004380       @Initialize
 0001:000042EC       @InitializeArray
 0001:000042BC       @InitializeRecord
 0001:00003348       @InitImports
 0001:00003320       @InitResStringImports
 0001:000032FC       @InitResStrings
 0001:00005268       @IntfAddRef
 0001:00005238       @IntfCast
 0001:000051F4       @IntfClear
 0001:0000520C       @IntfCopy
 0001:00002904       @IsClass
 0001:000025C0       @isNECWindows
 0001:00003AB0       @LStrAddRef
 0001:00003614       @LStrArrayClr
 0001:00003644       @LStrAsg
 0001:000038C8       @LStrCat
 0001:0000390C       @LStrCat3
 0001:00003980       @LStrCatN
 0001:000035F0       @LStrClr
 0001:00003A0C       @LStrCmp
 0001:00003B24       @LStrCopy
 0001:00003B64       @LStrDelete
 0001:00003870       @LStrFromArray
 0001:000037D8       @LStrFromChar
 0001:000037F8       @LStrFromPChar
 0001:000036E0       @LStrFromPCharLen
 0001:00003828       @LStrFromPWChar
 0001:0000374C       @LStrFromPWCharLen
 0001:00003864       @LStrFromString
 0001:000037E8       @LStrFromWChar
 0001:00003888       @LStrFromWStr
 0001:00003BAC       @LStrInsert
 0001:00003688       @LStrLAsg
 0001:000038C0       @LStrLen
 0001:00003C08       @LStrPos
 0001:00003C50       @LStrSetLength
 0001:00003AC0       @LStrToPChar
 0001:0000389C       @LStrToString
 0001:000046F8       @New
 0001:000036B4       @NewAnsiString
 0001:00003D58       @NewWideString
 0001:000022D4       @Pow10
 0001:00001F38       @PStrCmp
 0001:00001F1C       @PStrNCpy
 0001:00002FD8       @RaiseAgain
 0001:00002FB0       @RaiseExcept
 0001:0000176C       @ReallocMem
 0001:00001B98       @RewritText
 0001:00001AF4       @ROUND
 0001:00003568       @RunError
 0001:000022AC       @SetEq
 0001:000022C0       @SetUnion
 0001:000032BC       @StartExe
 0001:0000030C       @strlen
 0001:00001B00       @TRUNC
 0001:0000305C       @TryFinallyExit
 0001:00003B18       @UniqueStringA
 0001:0000204C       @ValLong
 0001:0006B718       @VarAddRef
 0001:0006A30C       @VarClear
 0001:0006A320       @VarClr
 0001:000043C0       @VarClr
 0001:0006A634       @VarCopy
 0001:000044D0       @VarCopy
 0001:0006B650       @VarFromBool
 0001:0006B6A0       @VarFromCurr
 0001:0006B5E8       @VarFromInt
 0001:0006B624       @VarFromInt64
 0001:0006B6B4       @VarFromLStr
 0001:0006B678       @VarFromReal
 0001:0006B68C       @VarFromTDateTime
 0001:0006B6E0       @VarFromWStr
 0001:0006A074       @VarNull
 0001:0006A960       @VarToLStr
 0001:0006B088       @VarToWStr
 0001:00003CB4       @Write0LString
 0001:00003CDC       @Write0WString
 0001:00002164       @WriteBytes
 0001:00002234       @WriteLn
 0001:00003CBC       @WriteLString
 0001:000021B8       @WriteSpaces
 0001:00003CE4       @WriteWString
 0001:0000429C       @WStrAddRef
 0001:00003D98       @WStrArrayClr
 0001:00003DBC       @WStrAsg
 0001:00003F50       @WStrCat
 0001:00003FB0       @WStrCat3
 0001:00004014       @WStrCatN
 0001:00003D80       @WStrClr
 0001:0000405C       @WStrCmp
 0001:000040E0       @WStrCopy
 0001:0000412C       @WStrDelete
 0001:00003EF0       @WStrFromArray
 0001:00003F24       @WStrFromLStr
 0001:00003DE8       @WStrFromPCharLen
 0001:00003EA8       @WStrFromPWChar
 0001:00003E74       @WStrFromPWCharLen
 0001:00003EE4       @WStrFromString
 0001:00003F08       @WStrFromWArray
 0001:00003E98       @WStrFromWChar
 0001:000041BC       @WStrInsert
 0001:00003DE0       @WStrLAsg
 0001:00003F44       @WStrLen
 0001:00004258       @WStrSetLength
 0001:00003F34       @WStrToPWChar
 0001:00002288       @_CLenToPasStr
 0001:0000227C       @_CToPasStr
 0001:000018BC       @_IOTest
 0001:00004748       @_lldiv
 0001:000047C4       @_llmod
 0001:00004724       @_llmul
 0001:00004840       @_llshl
 0001:0008B5A0       AbsMin
 0001:000671E8       AbstractErrorHandler
 0002:00005028       AbstractErrorProc
 0002:00003978       AccessMode
 0001:00001818       AcquireExceptionObject
 0002:00006830       ActionHandlers
 0002:00006834       ActionHandlersOO
 0001:0006EC28       ActivateClassGroup
 0001:00006458       ActivateKeyboardLayout
 0002:00006DA8       ActiveDrag
 0001:0002D9D8       ActiveX
 0001:0009A81C       ActnList
 0001:00000438       AddBlockAfter
 0002:00002E10       AddCmdLineToBugRep
 0001:000132B4       AddCodeArea
 0001:0004E6A0       AddColumnStr
 0002:00003BEC       AddDataModule
 0001:000606BC       AddDevice
 0001:000633B8       AddExitProc
 0001:000441DC       AddFields
 0001:00071CF0       AddFinished
 0001:00020BF4       AddFunction
 0001:00047E50       AddHeaderInfo
 0001:0009DB60       AddIn
 0001:0002A530       AddItem
 0001:000554AC       AddItem
 0001:000615DC       AddItem
 0001:000583F4       AddItem
 0001:000145E4       AddLine
 0001:00021A6C       AddLink
 0001:00032260       AddMEProperty
 0001:00023404       AddMinDebugInfoItem
 0001:000207B8       AddModule
 0001:00005098       AddModuleUnloadProc
 0001:00005088       AddModuleUnloadProc
 0001:0000DE18       AddMsgHandler
 0001:0000DC78       AddMsgHandler_
 0001:00071D28       AddNotFinished
 0001:00054C88       AddPatch
 0001:00024EE0       AddPngPart
 0001:0005E2CC       AddPtr
 0001:00013450       AddSpecialBlock
 0001:00021E3C       AddStackItem
 0001:0007274C       AddSubComponentsToLoaded
 0001:00079A1C       AdjustColor
 0001:00063628       AdjustLineBreaks
 0001:000A4B78       Adjustment
 0001:00006460       AdjustWindowRectEx
 0001:00024DB8       Adler32
 0002:00004500       Alignments
 0002:00004510       Alignments
 0002:00004210       Alignments
 0002:00004250       Alignments
 0001:00090C0C       AlignWork
 0001:000ABA70       AlignWork
 0001:00005B48       AllocateAndInitializeSid
 0001:00075E40       AllocateHWnd
 0001:0006336C       AllocMem
 0002:000055B0       AllocMemCount
 0002:000055B4       AllocMemSize
 0001:000536D0       AllocOutOfMemoryInsurance
 0001:0007D470       AllocPatternBitmap
 0001:000058E4       AllocTlsBuffer
 0001:0000DBE8       AllowWindowMessage
 0002:00002E7C       AmHttpServer
 0002:00002EFC       AmInMeInit
 0002:00002F00       AmInModuleFinal
 0002:00003718       AmInTraceProcess
 0002:00002EF8       AmMeBpl
 0001:0003D1EC       AmOnline
 0002:00003724       AmSyncingHandlers
 0001:0004E0C0       AnalyzePiece
 0002:000042EC       AnchorAlign
 0002:000042E0       AnimateWindowProc
 0002:000043E8       AnimationStyle
 0001:00063530       AnsiCompareStr
 0001:00063568       AnsiCompareText
 0001:00063CD8       AnsiLastChar
 0001:00006468       AnsiLower
 0001:00067AE8       AnsiPos
 0001:000A2374       AnsiSameCaption
 0001:000635A0       AnsiSameText
 0001:000635B8       AnsiStrLIComp
 0001:00067B20       AnsiStrPos
 0001:00067BC0       AnsiStrRScan
 0001:00067BE8       AnsiStrScan
 0001:000418F4       AnsiToGlobalUnicode
 0001:00005680       AnsiToUtf8
 0002:00003744       AntiFreezeCnt
 0002:00003740       AntiFreezeMsg
 0002:00003748       AntiFreezePause
 0002:0000374C       AntiFreezePauseEvent
 0002:00003750       AntiFreezeStopEvent
 0002:00003738       AntiFreezeTh
 0001:000368DC       AntiFreezeThread
 0002:00003734       AntiFreezeTid
 0002:00003754       AntiFreezeTls
 0002:0000373C       AntiFreezeWnd
 0001:000651DC       AppendChars
 0001:000655A0       AppendFormat
 0001:00065240       AppendNumber
 0001:00065220       AppendString
 0002:00006E0C       Application
 0002:00003BFC       ApplicationHandleException
 0002:00003C04       ApplicationShowException
 0001:00020B0C       ApproveFunction
 0001:00020AD0       ApproveFunction
 0002:0000463C       AppVisible
 0002:00003860       Armadillo
 0001:000671CC       AssertErrorHandler
 0002:00005020       AssertErrorProc
 0001:0006C394       AssignLongStr
 0001:0006C738       AssignVariant
 0001:00006470       AttachThreadInput
 0002:00005608       avail
 0002:00002D8C       b64
 0001:00063DCC       BackfillGetDiskFreeSpaceEx
 0001:0008E134       BackgroundClipped
 0001:00069014       BackupVarBoolFromStr
 0001:00069174       BackupVarBStrFromBool
 0001:00069094       BackupVarBStrFromCy
 0001:00069104       BackupVarBStrFromDate
 0001:00068FA8       BackupVarCyFromStr
 0001:00068F3C       BackupVarDateFromStr
 0001:00068DF8       BackupVarI4FromStr
 0001:00068DA4       BackupVariantChangeTypeEx
 0001:00068E64       BackupVarR4FromStr
 0001:00068ED0       BackupVarR8FromStr
 0002:000014E8       BaseDistance
 0002:00001474       BaseLength
 0002:00000438       BcbInitExceptBlockLDTC
 0001:00005BF0       Beep
 0001:0006EF80       BeginGlobalLoading
 0001:00006478       BeginPaint
 0001:000035AC       BeginThread
 0002:00003864       BeginThread_Begin
 0002:00003868       BeginThread_End
 0001:00079A28       BetterSize
 0001:0009E9D4       BiDiDraw
 0001:0002DF84       bind
 0001:00006200       BitBlt
 0002:00004144       BitBtnCaptions
 0002:00006CEC       BitBtnGlyphs
 0002:00001698       BitLengthOrder
 0002:00003F08       BitmapCanvasList
 0002:00006B20       BitmapImageLock
 0002:00001918       BitOrder
 0001:000163D4       BitReverse
 0001:00016988       BitsWindup
 0001:00068DE0       BiUnimplemented
 0002:00003C24       BlockCode
 0002:000055E0       blockDescBlockList
 0002:000055E4       blockDescFreeList
 0002:00003BE0       BooleanIdents
 0001:00007C28       BooleanToCharW
 0002:00003B5C       BooleanToStringRule
 0001:00028208       BooleanValue
 0001:00063B58       BoolToStr
 0001:0006A6E8       BoolToWStrViaOS
 0002:00004208       BorderStyles
 0001:00025464       Bottom
 0001:00005A28       Bounds
 0001:0006DF40       Bounds
 0002:000044A8       Breaks
 0001:00006480       BringWindowToTop
 0002:00006B58       BrushManager
 0002:00002E80       BugReportHtml
 0001:00016DD0       BuildBitLengthTree
 0001:00018758       BuildHuffmanTables
 0001:000A1188       BuildImage
 0001:00016740       BuildTree
 0002:00003FA0       ButtonCaptions
 0002:00003F74       ButtonNames
 0001:00080F6C       Buttons
 0002:00004524       Buttons
 0001:00079208       BytesPerScanline
 0001:00079560       ByteSwapColors
 0001:0006789C       ByteToCharIndex
 0001:00067874       ByteToCharLen
 0001:00067838       ByteType
 0001:000677C0       ByteTypeTest
 0002:00000A28       C3dNowLabels
 0002:00006DF4       CachedComCtrlVer
 0002:00003830       CAdminSia
 0001:0005E360       CalcCheckSum
 0001:00013E8C       CalcCodeBegin
 0001:0001B08C       CalcCryptPassword
 0001:00075D7C       CalcJmpOffset
 0001:000114C8       CalcMSize
 0001:00098888       CalcSplitterPos
 0001:00026DC4       CalculateArea
 0001:00026ED8       CalculateRegion
 0001:0002E1A4       CalibrateCode
 0002:00002E78       CalibrateData
 0002:000038AC       CalibrateLeakCheckingProc
 0001:0005E7D0       CalibrateModule
 0001:0005E978       CalibrateModules
 0001:00006488       CallNextHookEx
 0001:000682B4       CallTerminateProcs
 0001:0005C7F0       CallThreadProcSafe
 0001:00006490       CallWindowProc
 0001:00006498       CallWindowProcA
 0001:000064A0       CallWindowProcW
 0001:0008C5D8       CancelDrag
 0002:00006B5C       CanvasList
 0002:00006DBC       CanvasList
 0002:00003F60       Captions
 0002:000043A4       CaptureControl
 0002:00004448       cBooleanToItemAutoFlag
 0002:000037C4       CBoundary
 0002:00000A20       Ccc
 0002:0000370C       CDfmHeader
 0002:00000C2C       CEmptyFunctionInfo
 0002:000037A4       CEncodeMailto
 0002:00003784       CEncodeSmtp
 0002:0000042C       CErrorStr_InvalidCode
 0002:00006CDA       CF_COMPONENT
 0002:00006CD8       CF_PICTURE
 0002:00002ED0       CGIApp_TCGIApplication_CGIHandleException
 0002:00006A90       ChangeAnyProc
 0001:0008AB58       ChangeBiDiModeAlignment
 0002:00004294       CharCases
 0002:00004230       CharCases
 0001:00003710       CharFromWChar
 0001:00067A70       CharLength
 0001:000064A8       CharNext
 0001:0000027C       CharNext
 0001:00077A98       CharsetToIdent
 0001:00067984       CharToByteIndex
 0001:000679E8       CharToByteLen
 0001:000064B0       CharToOemA
 0001:00013514       CheckAddTarget
 0001:000309A8       CheckAutoBtn
 0001:00052B80       CheckAutoSave
 0001:00052E2C       CheckAutoStuff
 0001:00079FD8       CheckBool
 0001:0004AAA4       CheckColDec
 0001:00015E84       CheckDstMap
 0001:00017A4C       CheckDstMap
 0001:00036C5C       CheckEMailAddress
 0001:00031764       CheckExceptAddr
 0001:000315DC       CheckExceptParams
 0001:0005E3BC       CheckFileCrc
 0001:0005AA3C       CheckFilters
 0001:0002116C       CheckFunctionAreas
 0001:00012548       CheckFunctionName
 0001:00002B7C       CheckJmp
 0001:000064B8       CheckMenuItem
 0001:0004B70C       CheckNcLabel
 0001:0000FFD0       CheckPrefix
 0002:00000404       CheckProcAddress
 0001:00010C68       CheckRegState
 0001:0005E1B0       CheckRestart
 0002:00004498       Checks
 0001:00017824       CheckSrcMap
 0001:00015C94       CheckSrcMap
 0001:0001271C       CheckStringData
 0001:00072788       CheckSubComponents
 0001:00074B54       CheckSynchronize
 0001:000109B4       CheckTarget
 0001:000A45AC       CheckTaskWindow
 0001:00015988       CheckTryRead
 0001:0008C28C       CheckUndock
 0001:000676B4       CheckWin32Version
 0001:000423DC       ChooseAuthScheme
 0002:00003B60       CInvalidCustomVariantType
 0002:0000444C       cItemAutoFlagToBoolean
 0002:00004444       cItemAutoFlagToMenu
 0002:0000043C       CKernel32
 0002:00000440       CKernelbase
 0001:00075FCC       Classes
 0002:00002ECC       Classes_CheckSynchronize
 0001:0006E9EC       ClassNotFound
 0002:00006A8C       ClearAnyProc
 0001:00077328       ClearColor
 0001:00005BF8       ClearCommBreak
 0001:00005C00       ClearCommError
 0001:00031594       ClearLastException
 0002:000038BC       ClearLeaksProc
 0001:0002ED4C       ClearTempPath
 0001:0006BA54       ClearVariantTypeList
 0001:000064C0       ClientToScreen
 0001:00095E70       ClientToWindow
 0002:00003F00       ClipboardFormats
 0001:00080E0C       Clipbrd
 0001:000601FC       Close
 0001:00036B04       CloseAntiFreeze
 0002:00002E18       CloseAppExitCode
 0001:0004A89C       CloseApplication
 0001:0003ED58       CloseAttachFiles
 0001:00024BBC       CloseBmp
 0001:000064C8       CloseClipboard
 0001:0005D388       CloseCreateThreadHook
 0001:000363CC       CloseFireHandlers
 0001:0000021C       CloseHandle
 0001:00005C08       CloseHandle
 0001:000535E8       CloseHandleExceptionThread
 0001:000B1D74       CloseLine
 0001:0005D5E0       CloseMessageHooks
 0001:0002DF8C       closesocket
 0002:00006BF0       CloseThemeData
 0002:00002E00       CMadExceptVersionString
 0002:00000428       CMadToolsMsgHandlerWindow
 0002:00002DE8       CMapFileStreamDescriptor
 0002:0000503C       CmdLine
 0002:00005038       CmdShow
 0002:00004440       cMenuAutoFlagToItem
 0002:00002F8C       CMEProperties
 0002:000037C8       CMonths
 0001:00068DEC       CmpUnimplemented
 0002:00000390       CNetMsg
 0002:00000380       CNetMsg
 0002:00000178       CNtDll
 0002:00002F1C       CNtObjAttr
 0001:000AEC74       CodeLongInt
 0001:0001137C       CodeToHex
 0001:000225F8       CollectPossibleStackItems
 0001:00025F2C       ColorLookup
 0002:00003C80       Colors
 0001:00077890       ColorToIdent
 0002:00003FCC       ColorToPretyName
 0001:00077880       ColorToRGB
 0001:0004E648       ColumnExists
 0001:00006208       CombineRgn
 0002:00004280       ComboBoxStyles
 0002:00006D44       ComCtlVersion
 0001:00081310       ComCtrls
 0002:00006E08       CommandPool
 0001:0002DAD4       CommCtrl
 0001:0002DC54       CommDlg
 0001:00000718       Commit
 0002:00005624       committedRoot
 0001:0009D144       CompareFront
 0001:00047F9C       CompareHeaderInfo
 0001:00063498       CompareMem
 0001:00063468       CompareStr
 0001:00005C10       CompareString
 0001:000634B8       CompareText
 0001:00007D3C       CompareText
 0002:00000140       CompareTextW
 0001:00063A80       CompareWith
 0001:00053D6C       CompletePhaseHandlerExists
 0001:0002EFB0       CompName
 0001:00072868       ComponentCreated
 0001:00023808       ComposeResult
 0001:00019BFC       Compress
 0001:00024E18       CompressBitmap
 0001:00016F30       CompressBlock
 0001:000172D0       CompressEx
 0001:00080DC8       ComStrs
 0001:0002DF94       connect
 0001:000762F8       Consts
 0001:00035E88       ContainsSyncHandler
 0001:0007D970       Contnrs
 0002:00006D7A       ControlAtom
 0002:00006D80       ControlAtomString
 0001:000A9340       ControlHasHelp
 0001:00099524       Controls
 0001:00066C28       ConvertAddr
 0001:00065330       ConvertEraString
 0001:00063330       ConvertError
 0001:00063348       ConvertErrorFmt
 0001:0002ADD0       ConvertObject
 0001:0002A920       ConvertProperty
 0001:00065498       ConvertYearString
 0002:0000044C       COpcodeFlags
 0002:0000064C       COpcodeFlags0f
 0002:0000084C       COpcodeFlagsEx
 0002:00000A2C       COpcodeLabelIndex
 0002:00000B2C       COpcodeLabelIndex0f
 0002:00000A24       COpcodeLabels
 0001:00004870       CopyArray
 0001:0007AAB0       CopyBitmap
 0001:0007B178       CopyBitmapAsMask
 0001:00016E44       CopyBlock
 0002:0000185C       CopyExtra
 0001:00005C18       CopyFileA
 0001:00005C20       CopyFileW
 0002:000016EC       CopyLengths
 0002:00001768       CopyLiteralExtra
 0002:000017E4       CopyOffsets
 0001:0007B114       CopyPalette
 0001:00007AC0       CopyR
 0002:000041A4       Copyright
 0001:000A0234       CopyToBest
 0002:0000039C       COsDescr
 0001:00021CD8       CouldBeAfterCall
 0001:000678F4       CountChars
 0002:00006B38       CounterLock
 0002:00001D44       CPArr
 0002:00003B64       CRangeToType
 0002:00002E90       CrashOnOverrun
 0002:00001940       crc32Tab
 0002:00000444       CReadProcessMemory
 0001:00067110       CreateAssertException
 0001:0002D740       CreateAssistant
 0001:00067298       CreateAVObject
 0001:0005BD94       CreateAVStr
 0001:00006210       CreateBitmap
 0001:00024B00       CreateBmp
 0001:00006218       CreateBrushIndirect
 0001:000505E0       CreateButton
 0001:00006220       CreateCompatibleBitmap
 0001:00006228       CreateCompatibleDC
 0001:000728E8       CreateComponent
 0001:00006230       CreateDC
 0001:00006240       CreateDIBitmap
 0001:00006238       CreateDIBSection
 0001:00005C28       CreateDirectoryA
 0001:00005C30       CreateDirectoryW
 0001:00005C38       CreateEvent
 0001:00005C40       CreateEventA
 0001:00005C48       CreateFile
 0001:00005C50       CreateFileA
 0001:00000224       CreateFileA
 0001:00005C60       CreateFileMapping
 0001:00005C68       CreateFileMappingA
 0001:00005C70       CreateFileMappingW
 0001:00005C58       CreateFileW
 0001:00006248       CreateFont
 0001:00006250       CreateFontA
 0001:00006258       CreateFontIndirect
 0001:00006260       CreateHalftonePalette
 0001:000064D0       CreateIcon
 0001:0006703C       CreateInOutError
 0001:0004F180       CreateListView
 0001:0002C9CC       CreateMainButton
 0001:0002C604       CreateMainWindow
 0001:000064D8       CreateMenu
 0001:00005C80       CreateMutex
 0001:00005CA8       CreateMutexA
 0001:00006268       CreatePalette
 0001:00006270       CreatePen
 0001:00006278       CreatePenIndirect
 0001:00005CC8       CreatePipe
 0001:00024FA0       CreatePng
 0001:000064E0       CreatePopupMenu
 0001:00005CD0       CreateProcessA
 0001:00005CD8       CreateProcessW
 0001:00006280       CreateRectRgnIndirect
 0002:000068E4       CreateRemoteThreadExNext
 0002:00003880       CreateRemoteThreadHookAbsPos
 0002:00003884       CreateRemoteThreadHookAbsRestore
 0002:00003878       CreateRemoteThreadHookRelPos
 0002:0000387C       CreateRemoteThreadHookRelRestore
 0002:000068E0       CreateRemoteThreadNext
 0001:00006288       CreateSolidBrush
 0001:000795B8       CreateSystemPalette
 0001:00000284       CreateThread
 0001:00005CE0       CreateThread
 0002:000038E4       CreateToolhelp32Snapshot
 0001:00006C4C       CreateWindow
 0001:00006CA4       CreateWindowA
 0001:00006B44       CreateWindowEx
 0001:00006B9C       CreateWindowExA
 0001:00006BF4       CreateWindowExW
 0001:00006CFC       CreateWindowW
 0001:000504E0       CreateWindow_
 0002:00003F58       CreationControl
 0002:000042E4       CreationControl
 0002:000009A0       CRegLabels
 0002:00003BCC       CRelationshipToBoolean
 0002:000037F8       CRes
 0002:00003B48       CResult
 0002:00000394       CRtlNtStatusToDosError
 0002:00000388       CRtlNtStatusToDosError
 0001:0001A398       crypt2dwords
 0001:0001A870       cryptBuf
 0002:00001D8C       CSArr
 0002:00003970       cSimpleBoolStrs
 0002:00002F34       CsVersion
 0002:00003B78       CText
 0002:000043E0       Ctl3DStyles
 0002:000042D8       Ctl3DStyles
 0001:000B21F4       CtlXY
 0002:0000561C       curAlloc
 0002:00006904       CurrencyDecimals
 0002:00006900       CurrencyFormat
 0002:000068FC       CurrencyString
 0001:000651C8       CurrentYear
 0001:00064C64       CurrToStr
 0001:0006A678       CurrToWStrViaOS
 0002:000045C0       CursorMap
 0002:000042F4       Cursors
 0001:0008AE78       CursorToIdent
 0002:000045B0       cUseAlpha
 0002:000045B8       cUseColorKey
 0002:00002E54       CustomizeSimpleMsgBox
 0002:00006E30       CustomMonthNames
 0001:00025A8C       Cut
 0001:0004DF14       CutInPieces
 0002:0000375C       CValidChars
 0001:000637F4       CvtInt
 0001:00063860       CvtInt64
 0002:0000038C       CWinErrNr
 0002:00000398       CWinErrNr
 0002:00000384       CWinHttp
 0002:000039B0       CWNear
 0002:00000448       CWriteProcessMemory
 0002:00006905       DateSeparator
 0001:00065DB0       DateTimeToStr
 0001:00065D54       DateTimeToString
 0001:00064D60       DateTimeToTimeStamp
 0001:0006A6B0       DateToWStrViaOS
 0001:00065150       DayOfWeek
 0002:000039AC       DCon10
 0001:00027090       DcToBmp
 0002:00003C7C       DDBsOnly
 0001:00075EF4       DeallocateHWnd
 0002:00000028       DebugHook
 0001:0004AAFC       DecCol
 0001:000282D8       DecCol
 0002:00006903       DecimalSeparator
 0001:0001ADCC       Decode
 0001:0001AC8C       Decode
 0002:00001D40       DecodeA
 0001:00065130       DecodeDate
 0001:00064FE4       DecodeDateFully
 0001:0001D810       DecodeNameString
 0001:00064E54       DecodeTime
 0001:0000A428       DecodeUtf8
 0001:000007AC       Decommit
 0001:00000DC8       DecommitFree
 0002:000055F8       decommittedRoot
 0001:0001AA3C       Decrypt
 0001:0004170C       DecryptPassword
 0001:0000A304       DecryptStr
 0001:00009B18       DecSepW
 0001:000AC698       Default
 0001:000A6FC8       Default
 0002:00000020       Default8087CW
 0001:00051B74       DefaultBugReportHtml
 0002:000042E8       DefaultDockTreeClass
 0002:00000034       DefaultTextLineBreakStyle
 0002:000055BC       DefaultUserCodePage
 0002:00003ED0       DefBrushData
 0002:00003C50       DefFontData
 0001:000064E8       DefFrameProc
 0002:00003A3C       DefLongDayNames
 0002:000039F0       DefLongMonthNames
 0001:000064F0       DefMDIChildProc
 0002:00003EB0       DefPenData
 0002:00003A20       DefShortDayNames
 0002:000039C0       DefShortMonthNames
 0001:000064F8       DefWindowProc
 0001:00006500       DefWindowProcA
 0001:00006508       DefWindowProcW
 0001:0004B788       DefWindowProcX
 0001:00004BDC       DelayLoadResourceModule
 0001:00000468       DeleteBlock
 0001:000003D8       DeleteCriticalSection
 0001:00005CE8       DeleteCriticalSection
 0001:00006290       DeleteDC
 0001:00005CF0       DeleteFile
 0001:00063CC0       DeleteFile
 0001:00005CF8       DeleteFileA
 0001:00005D00       DeleteFileW
 0001:00000C10       DeleteFree
 0001:00021B28       DeleteLink
 0001:00006510       DeleteMenu
 0001:00006298       DeleteObject
 0001:00086FA4       DeleteSelectedText
 0001:0000E020       DelMsgHandler
 0001:0000DE24       DelMsgHandler_
 0002:000038D8       DelphiAlignment
 0002:00002E8C       DelphiDebugMm
 0001:00032B00       DereferenceMeSettingsBuf
 0001:0003308C       DereferenceMeSettingsModule
 0001:0007A66C       DeselectBitmap
 0001:00006518       DestroyCursor
 0001:00006520       DestroyIcon
 0001:00080E9C       DestroyLocals
 0001:00006528       DestroyMenu
 0001:00006530       DestroyWindow
 0002:00002E14       DetectConsole
 0001:000885A4       DialogEnumerationTester
 0001:00080704       Dialogs
 0002:00003F0C       DIBPalSizes
 0002:00000090       dig
 0001:000A4400       DisableTaskWindows
 0002:00002E84       DisAsmFunc
 0001:0001158C       DisAsmModRm
 0001:00006538       DispatchMessage
 0002:00002DEC       DispatchMessageA
 0001:000AA620       DispatchShortCut
 0002:00005000       DispCallByIDProc
 0002:00001174       DistanceCode
 0001:00063314       DivMod
 0001:000800CC       Dlgs
 0001:000AB924       DoAlign
 0001:00090A9C       DoAlign
 0001:00094B50       DoCalcConstraints
 0002:00006DB0       DockSiteList
 0001:000A0E54       DoClick
 0001:000921E0       DoControlMsg
 0001:000A43B0       DoDisableWindow
 0001:0008BBB8       DoDragOver
 0001:00052CA0       DoExceptionAutoStuff
 0001:0006338C       DoExitProc
 0001:00096B5C       DoFindControlZone
 0001:000A44EC       DoFindWindow
 0001:000970E8       DoFindZone
 0001:00035F90       DoFireHandlers
 0001:00096BE0       DoForEach
 0001:000984EC       DoGetNextLimit
 0001:000149E0       DoItAll
 0001:000A4378       DoneApplication
 0001:0009924C       DoneControls
 0001:000675C4       DoneExceptions
 0001:000A899C       DoNestedActivation
 0001:00074B14       DoneThreadSynchronization
 0002:00002E68       DontPrettifyExceptMsg
 0002:00002E44       DontReformatExcMsg
 0001:0009065C       DoPosition
 0001:000AB774       DoPosition
 0001:00097B14       DoPrune
 0001:00097FEC       DoSaveZone
 0001:000981F0       DoSetNewBounds
 0002:00003BE8       DotSep
 0001:0009B7A4       DoWrite
 0001:0007A230       DoWrite
 0001:0006FDBC       DoWrite
 0001:000917C8       DoWriteDesignSize
 0001:0008F234       DoWriteIsControl
 0002:00006D94       DragCapture
 0002:00006D88       DragControl
 0001:0008C300       DragDone
 0001:0008BB68       DragFindTarget
 0001:0008BB3C       DragFindWindow
 0002:00006DAC       DragImageList
 0001:0008BF58       DragInit
 0001:0008C0C8       DragInitControl
 0002:00006D90       DragInternalObject
 0001:0008BA84       DragMessage
 0002:00006D8C       DragObject
 0002:00006DB8       DragSave
 0002:00006DA0       DragSaveCursor
 0002:00006D98       DragStartPos
 0002:00006DA4       DragThreshold
 0001:0008BC88       DragTo
 0001:000AC6D4       DrawAppIcon
 0001:00097680       DrawCloseButton
 0001:00026F6C       DrawCursorOnDC
 0001:00006540       DrawEdge
 0001:00006548       DrawFocusRect
 0001:00006550       DrawFrameControl
 0001:000976D8       DrawGrabberLine
 0001:0000B140       DrawGraphic
 0001:00006558       DrawIcon
 0001:00006560       DrawIconEx
 0002:0000441C       DrawingStyles
 0001:0004AEEC       DrawLine
 0001:0004B5EC       DrawLineEx
 0001:00006568       DrawMenuBar
 0001:000A2194       DrawMenuItem
 0001:00006570       DrawText
 0001:00006578       DrawTextA
 0001:00006580       DrawTextW
 0002:00006BF4       DrawThemeBackground
 0002:00006C18       DrawThemeEdge
 0002:00006C1C       DrawThemeIcon
 0002:00006CA0       DrawThemeParentBackground
 0002:00006BF8       DrawThemeText
 0002:00002E20       DumbStackTrace
 0001:00079088       DupBits
 0001:00005D08       DuplicateHandle
 0001:00004888       DynArrayClear
 0001:00004890       DynArraySetLength
 0001:0005B8F8       Ebp
 0002:00004508       EdgeStyle
 0002:000042C8       EdgeStyles
 0002:000043D0       EdgeStyles
 0001:00053880       EExternalException.Create
 0001:00067010       EHeapException.FreeInstance
 0002:0000424C       Empty
 0001:00006588       EmptyClipboard
 0002:00006A78       EmptyParam
 0002:000038F4       EmptyStr
 0002:000038F8       EmptyWideStr
 0001:00006590       EnableMenuItem
 0002:00002E74       EnableRedirection
 0002:000044A0       Enables
 0001:00006598       EnableScrollBar
 0001:000A44B4       EnableTaskWindows
 0002:00006C88       EnableThemeDialogTexture
 0002:00006CA4       EnableTheming
 0001:000065A0       EnableWindow
 0001:0001AB40       Encode
 0001:0001AC70       Encode
 0001:00064FB4       EncodeDate
 0001:0003D814       EncodeStr
 0001:00064E14       EncodeTime
 0001:0000A624       EncodeUtf8
 0001:000062A0       EndDoc
 0001:0006F008       EndGlobalLoading
 0001:000062A8       EndPage
 0001:000065A8       EndPaint
 0001:00015950       EndTryRead
 0001:00005D10       EnterCriticalSection
 0001:000003C8       EnterCriticalSection
 0001:00032818       EnterSettingsMutex
 0001:00005D18       EnumCalendarInfoA
 0002:00006B88       EnumDisplayMonitors
 0001:0006689C       EnumEraNames
 0001:000668D8       EnumEraYearOffsets
 0001:000A758C       EnumMonitorsProc
 0001:000617C0       EnumProcesses9x
 0001:0006190C       EnumProcessesNt
 0001:000065B0       EnumThreadWindows
 0001:00072098       EnumValue
 0001:000065B8       EnumWindows
 0001:000065C0       EqualRect
 0002:000069CC       EraNames
 0001:00066028       EraToYear
 0002:000069E8       EraYearOffsets
 0002:00000068       errCaption
 0001:0007187C       Error
 0001:0009CE94       Error
 0001:0006E590       Error
 0001:000018B0       Error
 0002:00000004       ErrorAddr
 0001:00001864       ErrorAt
 0001:00009BC0       ErrorCodeToStr
 0002:00000108       ErrorCodeToStrA
 0001:0000A0D8       ErrorCodeToStrW
 0001:000670BC       ErrorHandler
 0002:00003A58       ErrorMap
 0002:00005008       ErrorProc
 0002:000053E4       ErrOutput
 0001:00005D20       EscapeCommFunction
 0001:0005B8F0       Esp
 0001:00022FF0       EvaluateLinks
 0001:000017F8       ExceptAddr
 0002:0000500C       ExceptClsProc
 0002:0000389C       ExceptDllInitDone
 0001:00067530       ExceptHandler
 0002:00006828       ExceptHandlers
 0002:0000682C       ExceptHandlersOO
 0001:00066E84       Exception.Create
 0001:00066EC0       Exception.CreateFmt
 0001:00066F40       Exception.CreateRes
 0001:00066F7C       Exception.CreateResFmt
 0002:0000501C       ExceptionClass
 0001:00066C34       ExceptionErrorMessage
 0002:0000383C       exceptionNumber
 0002:00003A90       ExceptMap
 0001:000017D8       ExceptObject
 0002:00005010       ExceptObjProc
 0002:00005004       ExceptProc
 0001:000062B0       ExcludeClipRect
 0002:00000000       ExitCode
 0001:000033C8       ExitDll
 0002:00005044       ExitProc
 0001:00005D28       ExitProcess
 0001:0000028C       ExitProcess
 0002:00005024       ExitProcessProc
 0002:0000396C       ExitProcList
 0001:00005D30       ExitThread
 0001:00005D38       ExpandEnvironmentStringsA
 0001:00005D40       ExpandEnvironmentStringsW
 0001:00063D90       ExpandFileName
 0001:00030D3C       ExpandVars
 0001:0000E1EC       ExportToFunc
 0001:00081158       ExtActns
 0001:00080D68       ExtCtrls
 0001:00080FC4       ExtDlgs
 0002:0000164C       ExtraBitLengthBits
 0001:00047ADC       ExtractBugReportHeaderField
 0001:00047C04       ExtractBugReportSection
 0001:0000C478       ExtractFileDriveA
 0001:0000A8C0       ExtractFileDriveW
 0001:0000A9B0       ExtractFileExtW
 0001:00063D58       ExtractFileName
 0001:0000A838       ExtractFileNameW
 0001:0000A878       ExtractFilePathW
 0001:00042874       ExtractResult
 0001:00042918       ExtractXml2
 0002:000015D4       ExtraDistanceBits
 0002:00001560       ExtraLengthBits
 0001:000062B8       ExtTextOut
 0002:00006A08       FalseBoolStrs
 0002:00000C78       FastPageExecute
 0002:00006CE0       FClipboard
 0002:000039A0       FCon1E18
 0002:0000037C       FDecSepW
 0001:00063CB8       FileClose
 0001:00063BFC       FileCreate
 0001:00063C20       FileCreate
 0002:00003F04       FileFormats
 0002:00000008       FileMode
 0001:00001BE0       FileNOPProc
 0001:00063BA4       FileOpen
 0001:00063C28       FileRead
 0002:00003C14       FilerSignature
 0001:00063C80       FileSeek
 0001:00005D48       FileTimeToDosDateTime
 0001:00005D50       FileTimeToLocalFileTime
 0001:00005D58       FileTimeToSystemTime
 0001:0000D078       FileVersionToStr
 0002:000003F8       FileVersionToStrA
 0001:0000D16C       FileVersionToStrW
 0001:00063C54       FileWrite
 0001:00000CF8       FillAfterGap
 0001:00000CA4       FillBeforeGap
 0001:000314D8       FillClipboard
 0001:0004492C       FillDoubleLists
 0001:00000D90       FillerSizeAfterGap
 0001:00000D20       FillerSizeBeforeGap
 0001:0002351C       FillFinalOutput
 0001:00044AE4       FillList
 0001:00046164       FillMultiLists
 0001:00032C44       FillProps
 0001:00028510       FillRect
 0001:00028558       FillRect
 0001:000065C8       FillRect
 0001:000089F0       FillStr
 0001:000089A8       FillStr
 0002:000000F8       FillStrA
 0002:0000015C       FillStrW
 0001:00022BC4       FillUpLink
 0001:00016180       FillWindow
 0001:0002DC24       Finalization
 0001:0001ADE8       Finalization
 0001:000AE978       Finalization
 0001:0002DBD4       Finalization
 0001:0002DB9C       Finalization
 0001:0002DB64       Finalization
 0001:000806A8       Finalization
 0001:0002DB2C       Finalization
 0001:0002DAF4       Finalization
 0001:0002DAA4       Finalization
 0001:0002D9A8       Finalization
 0001:0002D964       Finalization
 0001:0000F1B0       Finalization
 0001:00020640       Finalization
 0001:0006269C       Finalization
 0001:00015B78       Finalization
 0001:0008009C       Finalization
 0001:00080064       Finalization
 0001:0000A9F0       Finalization
 0001:0000AA78       Finalization
 0001:0006C874       Finalization
 0001:0008002C       Finalization
 0001:0007FFBC       Finalization
 0001:00007064       Finalization
 0001:0006C0AC       Finalization
 0001:000059CC       Finalization
 0001:0006BEA0       Finalization
 0001:00006E4C       Finalization
 0001:000620F8       Finalization
 0001:0007F48C       Finalization
 0001:0009BEF4       Finalization
 0001:0000BC84       Finalization
 0001:0007F638       Finalization
 0001:0000579C       Finalization
 0001:0002496C       Finalization
 0001:000614C8       Finalization
 0001:000A2470       Finalization
 0001:000605E4       Finalization
 0001:000603AC       Finalization
 0001:000AEE84       Finalization
 0001:00027474       Finalization
 0001:0009A7EC       Finalization
 0001:00068B84       Finalization
 0001:000B1680       Finalization
 0001:00069540       Finalization
 0001:000B1F14       Finalization
 0001:000994BC       Finalization
 0001:000B1F4C       Finalization
 0001:00075F1C       Finalization
 0001:0002DF4C       Finalization
 0001:000762C8       Finalization
 0001:0001A334       Finalization
 0001:00080D20       Finalization
 0001:00005A44       Finalization
 0001:0007D4A8       Finalization
 0001:0002E00C       Finalization
 0001:0007D688       Finalization
 0001:0007D940       Finalization
 0001:0007E0C0       Finalization
 0001:0007E100       Finalization
 0001:000AE8D8       Finalization
 0001:0008881C       Finalization
 0001:0007F0E8       Finalization
 0001:0007F130       Finalization
 0001:0007F168       Finalization
 0001:00087B98       Finalization
 0001:00087A30       Finalization
 0001:00080D98       Finalization
 0001:00081CD8       Finalization
 0001:00080DD0       Finalization
 0001:00081298       Finalization
 0001:00081160       Finalization
 0001:00080E64       Finalization
 0001:00081108       Finalization
 0001:000810B0       Finalization
 0001:0008104C       Finalization
 0001:00080FE4       Finalization
 0001:00080F94       Finalization
 0001:00080F34       Finalization
 0001:00004880       FinalizeArray
 0001:000031FC       FinalizeUnits
 0001:0005BC80       FinalizeUnitsCrash
 0001:0000E02C       FinalMsgHandler
 0001:000A0C14       Find
 0001:0005EA60       FindActiveErrorSearchBpls
 0001:00021B78       FindAndDeleteLink
 0001:00022B60       FindApprovedDownLink
 0001:0005E650       FindBpl
 0001:00004C4C       FindBS
 0001:0005A970       FindClass
 0001:0006EAAC       FindClass
 0001:00004BD4       FindClassHInstance
 0001:00005D60       FindClose
 0001:0000029C       FindClose
 0001:000211DC       FindCodeAddrAndTarget
 0001:00013F24       FindCodeArea
 0001:0001452C       FindCodeArea
 0001:0004D06C       FindColumns
 0001:00000C74       FindCommitted
 0001:0008AC58       FindControl
 0001:00097314       FindControlAtPos
 0001:0006BCF8       FindCustomVariantType
 0001:0006BDB0       FindCustomVariantType
 0001:0008C624       FindDragTarget
 0001:00072A98       FindExistingComponent
 0001:000002A4       FindFirstFile
 0001:00005D68       FindFirstFileA
 0001:00005D70       FindFirstFileW
 0001:0006EE98       FindGlobalComponent
 0001:000A45F8       FindGlobalComponent
 0002:00006AD8       FindGlobalComponentProcs
 0001:00004BAC       FindHInstance
 0001:0006ED40       FindIdentToInt
 0001:0002B484       FindImagePos
 0001:0004CF7C       FindLines
 0001:0002006C       FindMapFile
 0001:0001F104       FindMapFile
 0001:00032794       FindMEProperty
 0001:0003B344       FindMeSettings
 0001:0000E044       FindModule
 0002:00000400       FindModuleA
 0002:00006CCC       FindMsg
 0001:00021D80       FindNearestExport
 0001:00071C28       FindNestedComponent
 0001:00005D78       FindNextFileA
 0001:00005D80       FindNextFileW
 0001:00025C34       FindOptimalPalette
 0001:0009CE5C       FindPopupControl
 0001:00069208       FindProc
 0001:000113BC       FindProcName
 0001:00005D88       FindResource
 0001:00005D90       FindResourceA
 0001:00004C24       FindResourceHInstance
 0001:00005D98       FindResourceW
 0001:000AE12C       FindScanline
 0001:000A4550       FindTopMostWindow
 0001:0007397C       FindUniqueName
 0001:000228B4       FindValidStackArr
 0001:0008C5F0       FindVCLWindow
 0001:000065D0       FindWindow
 0001:000065D8       FindWindowA
 0001:000885FC       FindWinHelp
 0001:0003554C       FireHandlers
 0002:00003720       FireHandlersMsg
 0002:0000371C       FireHandlersWnd
 0002:000016E8       FixedBuild
 0002:000067C4       FixedDistanceBits
 0002:000067CC       FixedDistanceTable
 0002:000067C0       FixedLiteralBits
 0002:000067C8       FixedLiteralTable
 0002:000056C0       FixedTablesMemory
 0001:0007AA64       FixupBitFields
 0002:00004518       Flags
 0002:00006A18       FLanguages
 0001:0007F4BC       FlatSB
 0002:00006BB4       FlatSB_EnableScrollBar
 0002:00006BC0       FlatSB_GetScrollInfo
 0002:00006BC4       FlatSB_GetScrollPos
 0002:00006BBC       FlatSB_GetScrollRange
 0002:00006BCC       FlatSB_SetScrollInfo
 0002:00006BC8       FlatSB_SetScrollPos
 0001:0007F1AC       FlatSB_SetScrollProp
 0002:00006BD0       FlatSB_SetScrollRange
 0002:00006BB8       FlatSB_ShowScrollBar
 0001:000648F4       FloatToDecimal
 0001:00064C34       FloatToStr
 0001:00064620       FloatToText
 0001:00001EAC       Flush
 0001:000171B8       FlushBlockOnly
 0001:00017978       FlushDstFile
 0001:00015DE4       FlushDstFile
 0001:00005DA0       FlushFileBuffers
 0001:00005DA8       FlushInstructionCache
 0001:00016358       FlushPending
 0002:00000C6C       FMagic
 0002:00000C70       FMagic95
 0002:00000C74       FMagicReady
 0002:000039B4       FMSecsPerDay
 0001:0006451C       FmtStr
 0002:00002EA4       FMX_TApplication_HandleException
 0002:00002EA8       FMX_TApplication_ShowException
 0002:00004534       FocusCount
 0002:00004530       FocusMessages
 0002:00002E5C       FollowRedirect
 0002:00003E20       FontCharsets
 0002:00006B50       FontManager
 0001:00047D00       ForceDir
 0002:00002E3C       ForceUtf8
 0001:000A45CC       ForegroundTask
 0001:000B1F44       Form
 0001:00064508       Format
 0002:000039BC       Format
 0001:00064110       FormatBuf
 0001:00064104       FormatClearStr
 0001:00064088       FormatError
 0002:00003998       FormatErrorStrs
 0001:00031464       FormatExceptMessage
 0001:0003C6B0       FormatMailAddr
 0001:00005DB0       FormatMessage
 0001:00005DB8       FormatMessageA
 0001:00005DC0       FormatMessageW
 0001:00009624       FormatSubStrs
 0002:00000164       FormatSubStrsW
 0001:000640E0       FormatVarToStr
 0001:000AE934       Forms
 0002:00002E94       Forms_TApplication_HandleException
 0002:00002E98       Forms_TApplication_ShowException
 0001:0003D808       FourBitToHex
 0001:000022CC       FPower10
 0002:00003F54       FPrinter
 0001:000065E0       FrameRect
 0001:00068764       FreeAndNil
 0001:000009E0       FreeCommitted
 0001:00026A24       FreeContributorList
 0001:00000F00       FreeCurAlloc
 0001:0008C6E4       FreeDeviceContext
 0001:0008C7A0       FreeDeviceContexts
 0001:00031558       FreeInnerException
 0001:00075CE8       FreeIntConstList
 0001:00005DC8       FreeLibrary
 0001:000002AC       FreeLibrary
 0002:0000041C       FreeLibrary16
 0001:00005304       FreeMemory
 0001:0007A5C0       FreeMemoryContexts
 0001:000A4678       FreeObjectInstance
 0001:00075E1C       FreeObjectInstance
 0001:0005374C       FreeOutOfMemoryInsurance
 0001:00054F38       FreePatches
 0001:00033030       FreeProps
 0001:00005DE8       FreeResource
 0001:00005B50       FreeSid
 0001:00000660       FreeSpace
 0001:000682D0       FreeTerminateProcs
 0001:0007F670       FreeThemeLibrary
 0002:00003758       FreezeTimeout
 0002:00006D40       FRichEditModule
 0001:00015748       Fs
 0002:000067EC       functionCache
 0002:000067E8       functionCount
 0001:00079078       GDICheck
 0001:00078FD0       GDIError
 0001:000062C0       GdiFlush
 0001:00016554       GenerateBitLengths
 0001:000163F8       GenerateCodes
 0001:00001AEC       Get8087CW
 0001:00054978       Get9xResourceReport
 0001:00005DF0       GetACP
 0001:000065E8       GetActiveWindow
 0001:00054BF8       GetAllocatedMemory
 0001:000ABE00       GetAnimation
 0002:000038A0       GetApiVersionProc
 0001:000062C8       GetBitmapBits
 0001:000003E0       GetBlockDesc
 0001:000062D0       GetBrushOrgEx
 0001:0005D64C       GetBugReport
 0001:000065F0       GetCapture
 0001:0008AF20       GetCaptureControl
 0001:0006EA58       GetClass
 0001:000065F8       GetClassInfo
 0001:00006600       GetClassName
 0001:00006608       GetClassNameA
 0001:00057864       GetCleartextDisAsm
 0001:0004B6F0       GetClientCursorPos
 0001:00006610       GetClientRect
 0001:000062D8       GetClipBox
 0001:0000037C       GetCmdShow
 0001:0009A9BC       GetColor
 0001:00081238       GetComCtlVersion
 0001:000002B4       GetCommandLine
 0001:00005E00       GetCommandLineA
 0001:00005E08       GetCommandLineW
 0001:0000082C       GetCommitted
 0001:000008BC       GetCommittedAt
 0001:00005E10       GetCommModemStatus
 0001:00005E18       GetCommState
 0001:00005E20       GetComputerNameA
 0001:00005E28       GetComputerNameW
 0001:000266E0       GetContributorList
 0001:00091D94       GetControlAtPos
 0001:0006528C       GetCount
 0001:00005DF8       GetCPInfo
 0001:000546E8       GetCpuCount
 0001:00054604       GetCpuName
 0001:0005722C       GetCpuRegisters
 0001:00005E30       GetCurrentDirectoryA
 0001:00005E38       GetCurrentDirectoryW
 0001:000062E0       GetCurrentPositionEx
 0001:00005E40       GetCurrentProcess
 0001:00005E48       GetCurrentProcessId
 0002:00006C98       GetCurrentThemeName
 0001:00005E50       GetCurrentThread
 0001:0000036C       GetCurrentThreadId
 0001:00005E58       GetCurrentThreadId
 0001:00006A90       GetCurrentTime
 0001:00006618       GetCursor
 0001:000AE13C       GetCursorHeightMargin
 0001:00006620       GetCursorPos
 0001:000652B8       GetDate
 0001:00005E60       GetDateFormat
 0001:00065F40       GetDateOrder
 0001:000406C0       GetDateTimeStr
 0001:00006628       GetDC
 0001:00006630       GetDCEx
 0001:000062E8       GetDCOrgEx
 0001:0007D0B8       GetDefFontCharSet
 0001:00006638       GetDesktopWindow
 0001:00006300       GetDeviceCaps
 0001:00060D84       GetDeviceInfo
 0001:00079FC0       GetDIB
 0001:000062F0       GetDIBColorTable
 0001:000062F8       GetDIBits
 0001:00079F08       GetDIBSizes
 0001:000791E8       GetDInColors
 0001:00005E68       GetDiskFreeSpaceA
 0002:00003968       GetDiskFreeSpaceEx
 0001:00055330       GetDiskStr
 0001:00054A34       GetDisplayModeString
 0001:0003DDB0       GetDnsIps
 0001:000985CC       GetDockAlign
 0001:0008B8C8       GetDockSiteAtPos
 0001:0008BBF4       GetDropCtl
 0001:00002944       GetDynaMethod
 0001:000242A4       GetEbp
 0001:0006C11C       GetEnumNameValue
 0001:0006C168       GetEnumValue
 0001:00066950       GetEraNamesAndYearOffsets
 0001:00065FD4       GetEraYearOffset
 0001:0005A958       GetExceptBoxHandle
 0001:0005A894       GetExceptBoxHandle_EnumWindowsProc
 0001:000312AC       GetExceptClass_
 0001:00067280       GetExceptionClass
 0001:00067464       GetExceptionObject
 0001:0000F11C       GetExceptionObject
 0001:0003133C       GetExceptMessage_
 0001:0006E9E0       GetFieldClassTable
 0001:00005E70       GetFileAttributesA
 0001:00005E78       GetFileAttributesW
 0001:00000234       GetFileSize
 0001:00005E80       GetFileSize
 0001:0001EAFC       GetFileTime
 0001:00037228       GetFileTime
 0001:00005E88       GetFileTime
 0001:0000022C       GetFileType
 0001:000676D4       GetFileVersion
 0001:000061B8       GetFileVersionInfo
 0001:000061C0       GetFileVersionInfoA
 0001:000061D0       GetFileVersionInfoSize
 0001:000061D8       GetFileVersionInfoSizeA
 0001:000061E0       GetFileVersionInfoSizeW
 0001:000061C8       GetFileVersionInfoW
 0001:0000D474       GetFileVersionStr
 0001:0000D264       GetFileVersionStr
 0002:000003F4       GetFileVersionStrA
 0002:000003FC       GetFileVersionStrW
 0001:00006640       GetFocus
 0001:000283D4       GetFont
 0001:00077AB8       GetFontData
 0001:00006648       GetForegroundWindow
 0001:00067E88       GetFormatSettings
 0001:0000C360       GetFreeSystemResources
 0001:00005E90       GetFullPathName
 0001:00020B60       GetFunctionName
 0001:00025FEC       GetGrayPal
 0002:000038F0       GetGuiResources
 0001:0000F398       GetHalt0Addr
 0001:0000F378       GetHandleAnyExceptionAddr
 0001:0000F388       GetHandleAutoExceptionAddr
 0001:0000F390       GetHandleFinallyAddr
 0001:0000F380       GetHandleOnExceptionAddr
 0001:00061214       GetHardwareList
 0001:00060950       GetHardwareList9x
 0001:00060E1C       GetHardwareListNt
 0001:00077024       GetHashCode
 0001:000A9378       GetHelpInfo
 0001:0007E580       GetHelpSystem
 0001:000ABBE4       GetHint
 0001:000ABC1C       GetHintControl
 0001:0002DFEC       gethostbyname
 0001:000A2310       GetHotkey
 0001:00006650       GetIconInfo
 0001:0000E1AC       GetImageDataDirectory
 0001:0000E1E4       GetImageExportDirectory
 0001:0000E14C       GetImageNtHeaders
 0001:0000E60C       GetImageProcAddress
 0001:0000E41C       GetImageProcAddress
 0001:0000E670       GetImageProcName
 0001:0000E7E4       GetImageProcNameW
 0001:00006668       GetKeyboardLayout
 0001:00006670       GetKeyboardLayoutList
 0001:00006678       GetKeyboardState
 0001:000025B8       GetKeyboardType
 0001:00006658       GetKeyNameText
 0001:00006660       GetKeyState
 0001:0003E178       GetLabel
 0001:00011AD4       GetLabel
 0001:00054C1C       GetLargestFreeBlock
 0001:00006680       GetLastActivePopup
 0001:00096894       GetLastChildZone
 0001:00005E98       GetLastError
 0001:000002BC       GetLastError
 0002:000038B8       GetLeakCallstackProc
 0002:000038B4       GetLeakReportProc
 0002:00000434       GetLineNumber
 0001:000205D8       GetLineNumber
 0001:00066714       GetLocaleChar
 0001:000002C4       GetLocaleInfo
 0001:00005EA8       GetLocaleInfo
 0001:00005EB0       GetLocaleInfoA
 0001:00005EB8       GetLocaleInfoW
 0001:000666C8       GetLocaleStr
 0001:00005EA0       GetLocalTime
 0001:0000CAE8       GetLongFileName
 0001:0000CD80       GetLongFileName
 0002:000003E8       GetLongFileNameA
 0002:000003F0       GetLongFileNameW
 0001:0008AEDC       GetLongHint
 0001:0001CA94       GetMapFileFromResources
 0001:0002034C       GetMapFileInfos
 0001:00020248       GetMapFileInfos2
 0001:000017BC       GetMemoryManager
 0001:00054814       GetMemoryStatus
 0001:00006688       GetMenu
 0001:000A9300       GetMenuHelpContext
 0001:00006690       GetMenuItemCount
 0001:00006698       GetMenuItemID
 0001:000066A0       GetMenuItemInfo
 0001:0009F460       GetMenuSize
 0001:000066A8       GetMenuState
 0001:000066B0       GetMenuString
 0001:00032244       GetMeSettingsRes
 0001:000066B8       GetMessage
 0001:000066C0       GetMessageA
 0001:0005D44C       GetMessageCallbackA
 0001:0005D498       GetMessageCallbackW
 0001:000407E8       GetMessageId
 0001:000066C8       GetMessageW
 0001:0003ED84       GetMimeType
 0001:000002CC       GetModuleFileName
 0001:00005EC0       GetModuleFileName
 0001:00005EC8       GetModuleFileNameA
 0002:000038EC       GetModuleFileNameEx
 0001:00005ED0       GetModuleFileNameW
 0001:00005ED8       GetModuleHandle
 0001:000002D4       GetModuleHandle
 0001:000058C4       GetModuleHandle
 0001:00005EE0       GetModuleHandleA
 0001:00005EE8       GetModuleHandleW
 0001:0006220C       GetModuleList
 0001:0002F510       GetModuleList
 0002:00006B7C       GetMonitorInfo
 0002:00006B80       GetMonitorInfoA
 0002:00006B84       GetMonitorInfoW
 0001:00066778       GetMonthDayNames
 0001:0001D140       GetNextLine
 0001:000066D0       GetNextWindow
 0001:00006308       GetObject
 0001:0006C23C       GetOrdProp
 0001:000543D0       GetOsLanguageString
 0001:00054320       GetOsVersionString
 0001:00005EF0       GetOverlappedResult
 0001:00006310       GetPaletteEntries
 0001:00001990       GetParamStr
 0001:000066D8       GetParent
 0001:000A47CC       GetParentForm
 0001:00007F30       GetPCharLen
 0001:00008184       GetPCharLen
 0001:00006318       GetPixel
 0001:00024D34       GetPngHeader
 0001:00005EF8       GetPriorityClass
 0001:00005F00       GetProcAddress
 0001:000002DC       GetProcAddress
 0002:00000420       GetProcAddress16
 0001:00061DB0       GetProcessList
 0001:00054B3C       GetProcessMemInfo
 0002:00000430       GetProcNameFromMapFile
 0001:00020378       GetProcNameFromMapFile
 0001:000544F4       GetProgramUpTime
 0001:000066E0       GetProp
 0001:0006C1CC       GetPropInfo
 0001:00032B90       GetPropStr
 0001:000A4C8C       GetRealScrollPosition
 0001:0009A99C       GetRGBColor
 0001:00006320       GetRgnBox
 0001:0002DC0C       GetSaveFileNameA
 0001:0002DC14       GetSaveFileNameW
 0001:000372E8       GetScreenShotFile
 0001:000066E8       GetScrollInfo
 0001:000066F0       GetScrollPos
 0001:000066F8       GetScrollRange
 0001:0002F458       GetSeconds
 0001:0003E2A0       GetServers
 0001:0000C534       GetShortFileName
 0001:0000C7DC       GetShortFileName
 0002:000003EC       GetShortFileNameW
 0001:0008AE98       GetShortHint
 0001:0000E320       GetSizeOfImage
 0001:00000584       GetSpace
 0001:000005E8       GetSpaceAt
 0001:00030A2C       GetSpecialFolderW
 0001:0009CEEC       GetSpecialName
 0001:00021A60       GetStackAddr
 0001:000575C4       GetStackDump
 0001:00021A64       GetStackTop
 0001:000002E4       GetStartupInfo
 0001:0000023C       GetStdHandle
 0001:00005F08       GetStdHandle
 0001:00006328       GetStockObject
 0001:0001D958       GetStr
 0001:00005F10       GetStringTypeEx
 0001:00006700       GetSubMenu
 0001:00006708       GetSysColor
 0001:00006710       GetSysColorBrush
 0001:00005F18       GetSystemDirectoryW
 0001:00005F20       GetSystemInfo
 0001:00006718       GetSystemMenu
 0001:00006720       GetSystemMetrics
 0002:00006B6C       GetSystemMetrics
 0001:00006330       GetSystemPaletteEntries
 0001:00005F28       GetSystemTime
 0001:0005449C       GetSystemUpTime
 0001:0004F134       GetTabClientRect
 0001:00030354       GetTebIndex
 0001:0002EAA4       GetTempPath
 0001:00005F30       GetTempPathA
 0001:00005F38       GetTempPathW
 0001:00028454       GetTextExtent
 0001:00006338       GetTextExtentPoint32
 0001:00006340       GetTextExtentPoint32A
 0001:00006348       GetTextExtentPoint32W
 0001:00006350       GetTextFaceA
 0001:00006358       GetTextMetrics
 0002:00006C90       GetThemeAppProperties
 0002:00006BFC       GetThemeBackgroundContentRect
 0002:00006C00       GetThemeBackgroundExtent
 0002:00006C10       GetThemeBackgroundRegion
 0002:00006C34       GetThemeBool
 0002:00006C28       GetThemeColor
 0002:00006C9C       GetThemeDocumentationProperty
 0002:00006C3C       GetThemeEnumValue
 0002:00006C5C       GetThemeFilename
 0002:00006C44       GetThemeFont
 0002:00006C38       GetThemeInt
 0002:00006C50       GetThemeIntList
 0002:00006C4C       GetThemeMargins
 0002:00006C2C       GetThemeMetric
 0002:00006C04       GetThemePartSize
 0002:00006C40       GetThemePosition
 0002:00006C54       GetThemePropertyOrigin
 0002:00006C48       GetThemeRect
 0002:00006C30       GetThemeString
 0002:00006C68       GetThemeSysBool
 0002:00006C60       GetThemeSysColor
 0002:00006C64       GetThemeSysColorBrush
 0002:00006C70       GetThemeSysFont
 0002:00006C78       GetThemeSysInt
 0002:00006C6C       GetThemeSysSize
 0002:00006C74       GetThemeSysString
 0002:00006C08       GetThemeTextExtent
 0002:00006C0C       GetThemeTextMetrics
 0001:00005F40       GetThreadContext
 0001:00058264       GetThreadInfos
 0001:0002FF54       GetThreadInfoStr
 0001:0002E370       GetThreadList
 0001:00005F48       GetThreadLocale
 0001:000002EC       GetThreadLocale
 0001:00005F50       GetThreadPriority
 0001:00056E78       GetThreadReport
 0001:00058498       GetThreadStack
 0001:000AEC08       GetTick
 0001:00005F58       GetTickCount
 0001:000652F0       GetTime
 0001:000368D4       GetTlsPointer
 0001:000058F0       GetTlsSize
 0001:000AC3B0       GetTopMostWindows
 0001:0008B028       GetTopParent
 0001:00006728       GetTopWindow
 0001:000218FC       GetTryFinallyExitAddr
 0001:00021910       GetTryFinallyExitRetAddr
 0001:00053FE0       GetTSClientName
 0001:0006C110       GetTypeData
 0001:00005B58       GetUserNameA
 0001:00005B60       GetUserNameW
 0001:00000374       GetVersion
 0001:00005F60       GetVersion
 0001:00005F68       GetVersionEx
 0001:00005F70       GetVersionExA
 0001:00005F78       GetVersionExW
 0001:00006730       GetWindow
 0001:00006738       GetWindowDC
 0001:00006740       GetWindowLong
 0001:00006748       GetWindowLongA
 0001:00006360       GetWindowOrgEx
 0001:00006750       GetWindowPlacement
 0001:00006758       GetWindowRect
 0001:00005F80       GetWindowsDirectoryA
 0001:00006760       GetWindowText
 0001:00006768       GetWindowTextA
 0001:00006770       GetWindowTextW
 0002:00006C84       GetWindowTheme
 0001:00006778       GetWindowThreadProcessId
 0001:00006780       GetWindowThreadProcessId
 0001:00005F88       GlobalAddAtom
 0001:00005F90       GlobalAlloc
 0001:00006AA4       GlobalAllocPtr
 0001:00005F98       GlobalDeleteAtom
 0001:00005FA0       GlobalFindAtom
 0002:00006ADC       GlobalFixupList
 0001:00071D70       GlobalFixupReferences
 0001:00005FA8       GlobalFree
 0001:00006AD0       GlobalFreePtr
 0001:00005FB8       GlobalHandle
 0001:00005FB0       GlobalLock
 0001:00005FC0       GlobalMemoryStatus
 0002:00006AC0       GlobalNameSpace
 0001:00005FC8       GlobalReAlloc
 0001:00006AB4       GlobalReAllocPtr
 0001:00005FD0       GlobalUnlock
 0001:0003D174       GoOnline
 0001:0007D57C       Graphics
 0001:00026084       GrayLookup
 0001:0006EBD4       GroupDescendentsWith
 0001:00036DA0       HandleContactForm
 0002:00002DF4       HandleContactFormProc
 0001:0005C994       HandleCreateThreadHook
 0001:000A9580       HandleEdge
 0001:000731D4       HandleException
 0001:000538BC       HandleException
 0001:0005E2B0       HandleExceptionHelper
 0002:00002DFC       HandleExceptionHelper
 0002:00003824       HandleExceptionRP
 0002:00003820       HandleExceptionTh
 0001:000534C8       HandleExceptionThread
 0002:0000381C       HandleExceptionTid
 0002:0000382C       HandleExceptionTls
 0002:00003828       HandleExceptionWP
 0001:0005C368       HandleHiddenException
 0002:00002F0C       HandlerSection
 0001:00037378       HandleScreenshotForm
 0002:00002DF8       HandleScreenshotFormProc
 0001:00084244       HasPopup
 0001:00086F78       HasSelectedText
 0002:00000024       HeapAllocFlags
 0002:000055C4       heapErrorCode
 0002:000055C8       heapLock
 0001:0007F128       HelpIntfs
 0002:00006BA8       HelpManager
 0002:00006CC8       HelpMsg
 0002:00006D64       HelpViewer
 0002:00006D68       HelpViewerIntf
 0002:00003964       HexDisplayPrefix
 0002:00002E40       HiddenAutoMailing
 0002:00006838       HiddenHandlers
 0002:0000683C       HiddenHandlersOO
 0001:0005E130       HideLeak
 0001:0005E150       HideLeak
 0002:000038C8       HideLeakObjProc
 0002:000038C4       HideLeakPtrProc
 0002:0000040C       HideLeak_
 0002:0000423C       HideSelections
 0001:00098648       HideZone
 0002:00005664       HInstance
 0002:00002EEC       HInstance
 0002:00006E20       HintDoneEvent
 0001:000ABCEC       HintGetMsgHook
 0002:00006E24       HintHook
 0001:000ABC90       HintMouseThread
 0002:00006E28       HintThread
 0002:00006E1C       HintThreadID
 0001:000ABC3C       HintTimerProc
 0002:00004528       HintWindowClass
 0001:000250A8       Hist3d
 0002:00006C14       HitTestThemeBackground
 0001:00006A8C       HiWord
 0001:0005CDCC       HookedCreateRemoteThread
 0001:0005CE7C       HookedCreateRemoteThreadEx
 0001:0005CD20       HookedCreateThread
 0001:0005CFDC       HookedQueueUserWorkItem
 0001:0005C8F0       HookedTThreadExecute
 0001:000ABD30       HookHintHooks
 0001:0002DF9C       htons
 0002:00002ED8       HttpExtensionProcNext
 0001:00006D54       HwndMSWheel
 0001:0005D9A4       HyperJumpCallstack
 0001:0005D8C8       HyperJumpCallstack_EnumWindowProc
 0002:000044BC       IBreaks
 0002:000044C8       IChecks
 0002:000044D0       IDefaults
 0001:00077AA8       IdentToCharset
 0001:000778A0       IdentToColor
 0001:0008AE88       IdentToCursor
 0001:0006EDBC       IdentToInt
 0002:000044D8       IEnables
 0001:000A0204       IfHotkeyAvailable
 0002:00002E34       IgnoreSmtpCert
 0002:00006DF8       ImageListWriteExProc
 0001:0002DA00       ImageList_Add
 0001:0002DA20       ImageList_AddIcon
 0001:0002DA44       ImageList_BeginDrag
 0001:0002D9E8       ImageList_Create
 0001:0002D9F0       ImageList_Destroy
 0001:0002DA54       ImageList_DragEnter
 0001:0002DA5C       ImageList_DragLeave
 0001:0002DA64       ImageList_DragMove
 0001:0002DA74       ImageList_DragShowNolock
 0001:0002DA2C       ImageList_Draw
 0001:0002DA34       ImageList_DrawEx
 0001:0002DA4C       ImageList_EndDrag
 0001:0002DA18       ImageList_GetBkColor
 0001:0002DA7C       ImageList_GetDragImage
 0001:0002DA94       ImageList_GetIconSize
 0001:0002D9F8       ImageList_GetImageCount
 0001:0002DA84       ImageList_Read
 0001:0002DA3C       ImageList_Remove
 0001:0002DA08       ImageList_ReplaceIcon
 0001:0002DA10       ImageList_SetBkColor
 0001:0002DA6C       ImageList_SetDragCursorImage
 0001:0002DA9C       ImageList_SetIconSize
 0001:0002DA8C       ImageList_Write
 0002:0000442C       Images
 0001:0009BF24       ImgList
 0001:0007E130       Imm
 0002:00004410       IMM32DLL
 0001:00099238       Imm32IsIME
 0001:0001C628       ImportStr
 0002:000039B8       IMSecsPerDay
 0001:0006A328       InBounds
 0001:0006A088       InBounds
 0001:000AED94       IncPoint
 0001:0006A0B8       Increment
 0001:0006A358       Increment
 0001:00022E0C       InDeepCheck
 0001:0002DFA4       inet_addr
 0001:00019914       InflateBlockReset
 0001:00018F84       InflateBlocks
 0001:00019954       InflateBlocksNew
 0001:000180C4       InflateCodes
 0001:00017FF8       InflateCodesNew
 0001:00017D50       InflateFast
 0001:00017C08       InflateFlush
 0002:000018D4       InflateMask
 0001:00006788       InflateRect
 0001:00018B50       InflateTreesBits
 0001:00018BF4       InflateTreesDynamic
 0001:00018D28       InflateTreesFixed
 0001:0008102C       IniFiles
 0001:0005EC84       Init
 0001:00000A6C       InitAllocator
 0001:0007D978       InitAnApi
 0001:00036A30       InitAntiFreeze
 0002:00006B94       InitApis
 0001:00025EF0       InitColorLookup
 0001:0002D9E0       InitCommonControls
 0001:0006F064       InitComponent
 0002:00005634       InitContext
 0001:000992D4       InitControls
 0002:00002F04       InitCrash
 0001:0005D188       InitCreateThreadHook
 0001:0007D0FC       InitDefFontData
 0001:000682F0       InitDriveSpacePtr
 0001:00022510       InitEbpFrames
 0001:0005DAEC       InitExceptDll
 0001:00067540       InitExceptions
 0001:000363AC       InitFireHandlers
 0001:0007F208       InitFlatSB
 0001:00080554       InitGlobals
 0001:00026048       InitGrayLookup
 0001:00053544       InitHandleExceptionThread
 0001:0002E1A8       InitHInstance
 0001:00079DC0       InitializeBitmapInfoHeader
 0001:000162EC       InitializeBlock
 0001:00005FD8       InitializeCriticalSection
 0001:000003C0       InitializeCriticalSection
 0002:000055C0       initialized
 0001:0007F1E0       InitializeFlatSB
 0001:0000597C       InitializeModule
 0001:00005B68       InitializeSecurityDescriptor
 0001:00069234       InitializeVarUtils
 0001:00098ED8       InitIMM32
 0001:0006F10C       InitInheritedComponent
 0001:00067C9C       InitLeadBytes
 0001:0005D4E4       InitMessageHooks
 0001:0007E054       InitMultiMonStubs
 0001:0001DDEC       InitPdbReading
 0001:00067644       InitPlatformId
 0002:00005040       InitProc
 0001:000AE84C       InitProcs
 0001:0007D080       InitScreenLogPixels
 0001:0002F49C       InitSecAttr
 0001:00067D14       InitSysLocale
 0001:0007F830       InitThemeLibrary
 0001:00074AE0       InitThreadSynchronization
 0001:000058F8       InitThreadTLS
 0001:0000F18C       InitTryExceptFinally
 0001:0000325C       InitUnits
 0001:0005BC70       InitUnitsCrash
 0001:0008AB6C       InitWndProc
 0002:000042A8       InnerStyles
 0002:000043B0       InnerStyles
 0002:0000504C       Input
 0001:00030418       InRangeOrZero
 0001:000AB714       InsertBefore
 0001:000905D0       InsertBefore
 0001:00000E78       InsertFree
 0001:000A02B8       InsertHotkeyFarEastFormat
 0001:00006790       InsertMenu
 0001:00006798       InsertMenuItem
 0001:0001728C       InsertString
 0002:00006AF8       InstBlockList
 0002:00006AFC       InstFreeList
 0002:00006AD0       IntConstList
 0001:00028274       IntegerValue
 0001:0005B950       InterceptAHandleExcept
[...]
 0002:00003984       ShareMode
 0002:00003998       FormatErrorStrs
 0002:000039A0       FCon1E18
 0002:000039AC       DCon10
 0002:000039B0       CWNear
 0002:000039B4       FMSecsPerDay
 0002:000039B8       IMSecsPerDay
 0002:000039BC       Format
 0002:000039C0       DefShortMonthNames
 0002:000039F0       DefLongMonthNames
 0002:00003A20       DefShortDayNames
 0002:00003A3C       DefLongDayNames
 0002:00003A58       ErrorMap
 0002:00003A90       ExceptMap
 0002:00003B40       WesternGroups
 0002:00003B44       TerminateProcList
 0002:00003B48       CResult
 0002:00003B50       NullStrictConvert
 0002:00003B54       NullAsStringValue
 0002:00003B58       PackVarCreation
 0002:00003B5C       BooleanToStringRule
 0002:00003B60       CInvalidCustomVariantType
 0002:00003B64       CRangeToType
 0002:00003B78       CText
 0002:00003BCC       CRelationshipToBoolean
 0002:00003BE0       BooleanIdents
 0002:00003BE8       DotSep
 0002:00003BEC       AddDataModule
 0002:00003BF4       RemoveDataModule
 0002:00003BFC       ApplicationHandleException
 0002:00003C04       ApplicationShowException
 0002:00003C0C       WakeMainThread
 0002:00003C14       FilerSignature
 0002:00003C18       NilMethod
 0002:00003C20       SyncList
 0002:00003C24       BlockCode
 0002:00003C28       UtilWindowClass
 0002:00003C50       DefFontData
 0002:00003C7C       DDBsOnly
 0002:00003C80       Colors
 0002:00003E20       FontCharsets
 0002:00003EB0       DefPenData
 0002:00003EC0       PenStyles
 0002:00003ED0       DefBrushData
 0002:00003EE0       PenModes
 0002:00003F00       ClipboardFormats
 0002:00003F04       FileFormats
 0002:00003F08       BitmapCanvasList
 0002:00003F0C       DIBPalSizes
 0002:00003F10       PalSize
 0002:00003F14       Pal16
 0002:00003F54       FPrinter
 0002:00003F58       CreationControl
 0002:00003F5C       WndProcPtrAtom
 0002:00003F60       Captions
 0002:00003F74       ButtonNames
 0002:00003FA0       ButtonCaptions
 0002:00003FCC       ColorToPretyName
 0002:00004144       BitBtnCaptions
 0002:00004170       Values
 0002:00004178       Values
 0002:00004180       MAPIDLL
 0002:00004184       MAPIModule
 0002:00004188       RTFConversionFormat
 0002:00004194       TextConversionFormat
 0002:000041A0       ThemeServicesClass
 0002:000041A4       Copyright
 0002:000041A8       ThemeDataNames
 0002:00004208       BorderStyles
 0002:00004210       Alignments
 0002:00004218       WordWraps
 0002:0000421C       WordWraps
 0002:00004220       Passwords
 0002:00004228       ReadOnlys
 0002:00004230       CharCases
 0002:0000423C       HideSelections
 0002:00004244       OEMConverts
 0002:0000424C       Empty
 0002:00004250       Alignments
 0002:00004268       ScrollBar
 0002:00004278       WordWraps
 0002:00004280       ComboBoxStyles
 0002:00004294       CharCases
 0002:000042A0       Sorts
 0002:000042A8       InnerStyles
 0002:000042B8       OuterStyles
 0002:000042C8       EdgeStyles
 0002:000042D8       Ctl3DStyles
 0002:000042E0       AnimateWindowProc
 0002:000042E4       CreationControl
 0002:000042E8       DefaultDockTreeClass
 0002:000042EC       AnchorAlign
 0002:000042F4       Cursors
 0002:000043A4       CaptureControl
 0002:000043A8       ShowFlags
 0002:000043AC       WindowPos
 0002:000043B0       InnerStyles
 0002:000043C0       OuterStyles
 0002:000043D0       EdgeStyles
 0002:000043E0       Ctl3DStyles
 0002:000043E8       AnimationStyle
 0002:000043F4       OrientArray
 0002:000043FC       MakeLast
 0002:00004404       TreeStreamEndFlag
 0002:00004408       SizeCursors
 0002:00004410       IMM32DLL
 0002:00004414       ModeMap
 0002:0000441C       DrawingStyles
 0002:0000442C       Images
 0002:00004434       Mask
 0002:0000443C       ValidMenuHotkeys
 0002:00004440       cMenuAutoFlagToItem
 0002:00004444       cItemAutoFlagToMenu
 0002:00004448       cBooleanToItemAutoFlag
 0002:0000444C       cItemAutoFlagToBoolean
 0002:00004450       MenuKeyCaps
 0002:00004498       Checks
 0002:000044A0       Enables
 0002:000044A8       Breaks
 0002:000044B4       Separators
 0002:000044BC       IBreaks
 0002:000044C8       IChecks
 0002:000044D0       IDefaults
 0002:000044D8       IEnables
 0002:000044E0       IRadios
 0002:000044E8       ISeparators
 0002:000044F0       IRTL
 0002:000044F8       IOwnerDraw
 0002:00004500       Alignments
 0002:00004508       EdgeStyle
 0002:00004510       Alignments
 0002:00004518       Flags
 0002:00004524       Buttons
 0002:00004528       HintWindowClass
 0002:0000452C       SetLayeredWindowAttributes
 0002:00004530       FocusMessages
 0002:00004534       FocusCount
 0002:00004538       TaskActiveWindow
 0002:0000453C       TaskFirstWindow
 0002:00004540       TaskFirstTopMost
 0002:00004544       TaskWindowList
 0002:00004548       SysConsts
 0002:00004550       SysConsts
 0002:00004558       Props
 0002:00004580       Styles
 0002:0000458C       ShowCommands
 0002:00004598       ShowCommands
 0002:000045A4       ShowCommands
 0002:000045B0       cUseAlpha
 0002:000045B8       cUseColorKey
 0002:000045C0       CursorMap
 0002:00004614       WindowClass
 0002:0000463C       AppVisible
 0002:00004640       ShowFlags
 0002:00004644       MyDayNames
 0002:00004660       MyMonthNames
 0002:00005000       DispCallByIDProc
 0002:00005004       ExceptProc
 0002:00005008       ErrorProc
 0002:0000500C       ExceptClsProc
 0002:00005010       ExceptObjProc
 0002:00005014       RaiseExceptionProc
 0002:00005018       RTLUnwindProc
 0002:0000501C       ExceptionClass
 0002:00005020       AssertErrorProc
 0002:00005024       ExitProcessProc
 0002:00005028       AbstractErrorProc
 0002:0000502C       MainInstance
 0002:00005030       MainThreadID
 0002:00005034       IsLibrary
 0002:00005038       CmdShow
 0002:0000503C       CmdLine
 0002:00005040       InitProc
 0002:00005044       ExitProc
 0002:00005048       IsConsole
 0002:00005049       IsMultiThread
 0002:0000504A       Test8086
 0002:0000504C       Input
 0002:00005218       Output
 0002:000053E4       ErrOutput
 0002:000055B0       AllocMemCount
 0002:000055B4       AllocMemSize
 0002:000055B8       .5
 0002:000055BC       DefaultUserCodePage
 0002:000055C0       initialized
 0002:000055C4       heapErrorCode
 0002:000055C8       heapLock
 0002:000055E0       blockDescBlockList
 0002:000055E4       blockDescFreeList
 0002:000055E8       spaceRoot
 0002:000055F8       decommittedRoot
 0002:00005608       avail
 0002:00005614       rover
 0002:00005618       remBytes
 0002:0000561C       curAlloc
 0002:00005620       smallTab
 0002:00005624       committedRoot
 0002:00005634       InitContext
 0002:00005660       ModuleIsLib
 0002:00005661       ModuleIsCpp
 0002:00005664       HInstance
 0002:00005668       .1
 0002:0000566C       tlsBuffer
 0002:00005670       .1
 0002:00005674       .3
 0002:00005678       .2
 0002:0000567C       .1
 0002:00005680       WideCharToMultiByte
 0002:00005684       MultiByteToWideChar
 0002:00005688       .1
 0002:0000568C       .1
 0002:00005690       .1
 0002:00005694       os_
 0002:000056B4       MsgHandlerWindows
 0002:000056B8       .5
 0002:000056BC       .1
 0002:000056C0       FixedTablesMemory
 0002:000067C0       FixedLiteralBits
 0002:000067C4       FixedDistanceBits
 0002:000067C8       FixedLiteralTable
 0002:000067CC       FixedDistanceTable
 0002:000067D0       .1
 0002:000067D4       .5
 0002:000067D8       MapFileCache
 0002:000067DC       .1
 0002:000067E0       moduleCount
 0002:000067E4       moduleCache
 0002:000067E8       functionCount
 0002:000067EC       functionCache
 0002:000067F0       .1
 0002:000067F4       .1
 0002:000067F8       .3
 0002:000067FC       .1
 0002:00006800       .1
 0002:00006804       .1
 0002:00006808       .1
 0002:0000680C       .1
 0002:00006810       .1
 0002:00006814       .1
 0002:00006818       .1
 0002:0000681C       .1
 0002:00006820       Plugins
 0002:00006824       .3
 0002:00006828       ExceptHandlers
 0002:0000682C       ExceptHandlersOO
 0002:00006830       ActionHandlers
 0002:00006834       ActionHandlersOO
 0002:00006838       HiddenHandlers
 0002:0000683C       HiddenHandlersOO
 0002:00006840       SHGetPathFromIDListW
 0002:00006844       SuspendThreadIds
 0002:00006848       WinHttpOpen
 0002:0000684C       WinHttpConnect
 0002:00006850       WinHttpOpenRequest
 0002:00006854       WinHttpAddRequestHeaders
 0002:00006858       WinHttpSendRequest
 0002:0000685C       WinHttpGetIEProxyConfigForCurrentUser
 0002:00006860       WinHttpGetProxyForUrl
 0002:00006864       WinHttpSetOption
 0002:00006868       WinHttpWriteData
 0002:0000686C       WinHttpReceiveResponse
 0002:00006870       WinHttpQueryHeaders
 0002:00006874       WinHttpQueryAuthSchemes
 0002:00006878       WinHttpSetCredentials
 0002:0000687C       WinHttpQueryDataAvailable
 0002:00006880       WinHttpReadData
 0002:00006884       WinHttpCloseHandle
 0002:00006888       OutOfMemoryInsurance
 0002:000068A8       OutOfMemoryInsuranceSection
 0002:000068C0       PatchSection
 0002:000068D8       PatchList
 0002:000068DC       IRList
 0002:000068E0       CreateRemoteThreadNext
 0002:000068E4       CreateRemoteThreadExNext
 0002:000068E8       ShowLeakReportProc
 0002:000068EC       .1
 0002:000068F0       .1
 0002:000068F4       .1
 0002:000068F8       .1
 0002:000068FC       CurrencyString
 0002:00006900       CurrencyFormat
 0002:00006901       NegCurrFormat
 0002:00006902       ThousandSeparator
 0002:00006903       DecimalSeparator
 0002:00006904       CurrencyDecimals
 0002:00006905       DateSeparator
 0002:00006908       ShortDateFormat
 0002:0000690C       LongDateFormat
 0002:00006910       TimeSeparator
 0002:00006914       TimeAMString
 0002:00006918       TimePMString
 0002:0000691C       ShortTimeFormat
 0002:00006920       LongTimeFormat
 0002:00006924       ShortMonthNames
 0002:00006954       LongMonthNames
 0002:00006984       ShortDayNames
 0002:000069A0       LongDayNames
 0002:000069BC       SysLocale
 0002:000069CA       ListSeparator
 0002:000069CC       EraNames
 0002:000069E8       EraYearOffsets
 0002:00006A04       TrueBoolStrs
 0002:00006A08       FalseBoolStrs
 0002:00006A0C       .35
 0002:00006A10       OutOfMemory
 0002:00006A14       InvalidPointer
 0002:00006A18       FLanguages
 0002:00006A1C       VariantChangeTypeEx
 0002:00006A20       VarNeg
 0002:00006A24       VarNot
 0002:00006A28       VarAdd
 0002:00006A2C       VarSub
 0002:00006A30       VarMul
 0002:00006A34       VarDiv
 0002:00006A38       VarIDiv
 0002:00006A3C       VarMod
 0002:00006A40       VarAnd
 0002:00006A44       VarOr
 0002:00006A48       VarXor
 0002:00006A4C       VarCmp
 0002:00006A50       VarI4FromStr
 0002:00006A54       VarR4FromStr
 0002:00006A58       VarR8FromStr
 0002:00006A5C       VarDateFromStr
 0002:00006A60       VarCyFromStr
 0002:00006A64       VarBoolFromStr
 0002:00006A68       VarBstrFromCy
 0002:00006A6C       VarBstrFromDate
 0002:00006A70       VarBstrFromBool
 0002:00006A74       .5
 0002:00006A78       EmptyParam
 0002:00006A88       VarDispProc
 0002:00006A8C       ClearAnyProc
 0002:00006A90       ChangeAnyProc
 0002:00006A94       RefAnyProc
 0002:00006A98       .81
 0002:00006A9C       LVarTypes
 0002:00006AA0       LVarTypeSync
 0002:00006AB8       .1
 0002:00006ABC       .6
 0002:00006AC0       GlobalNameSpace
 0002:00006AC4       IsUniqueGlobalComponentNameProc
 0002:00006AC8       SyncEvent
 0002:00006ACC       .45
 0002:00006AD0       IntConstList
 0002:00006AD4       RegGroups
 0002:00006AD8       FindGlobalComponentProcs
 0002:00006ADC       GlobalFixupList
 0002:00006AE0       ThreadLock
 0002:00006AF8       InstBlockList
 0002:00006AFC       InstFreeList
 0002:00006B00       .1
 0002:00006B04       SystemPalette16
 0002:00006B08       .12
 0002:00006B0C       ScreenLogPixels
 0002:00006B10       StockPen
 0002:00006B14       StockBrush
 0002:00006B18       StockFont
 0002:00006B1C       StockIcon
 0002:00006B20       BitmapImageLock
 0002:00006B38       CounterLock
 0002:00006B50       FontManager
 0002:00006B54       PenManager
 0002:00006B58       BrushManager
 0002:00006B5C       CanvasList
 0002:00006B60       PatternManager
 0002:00006B64       .2
 0002:00006B68       .21
 0002:00006B6C       GetSystemMetrics
 0002:00006B70       MonitorFromWindow
 0002:00006B74       MonitorFromRect
 0002:00006B78       MonitorFromPoint
 0002:00006B7C       GetMonitorInfo
 0002:00006B80       GetMonitorInfoA
 0002:00006B84       GetMonitorInfoW
 0002:00006B88       EnumDisplayMonitors
 0002:00006B8C       .1
 0002:00006B90       User32Dll
 0002:00006B94       InitApis
 0002:00006B9C       MMAvailable
 0002:00006BA0       .1
 0002:00006BA4       .2
 0002:00006BA8       HelpManager
 0002:00006BAC       .3
 0002:00006BB0       .3
 0002:00006BB4       FlatSB_EnableScrollBar
 0002:00006BB8       FlatSB_ShowScrollBar
 0002:00006BBC       FlatSB_GetScrollRange
 0002:00006BC0       FlatSB_GetScrollInfo
 0002:00006BC4       FlatSB_GetScrollPos
 0002:00006BC8       FlatSB_SetScrollPos
 0002:00006BCC       FlatSB_SetScrollInfo
 0002:00006BD0       FlatSB_SetScrollRange
 0002:00006BD4       .1
 0002:00006BD8       _FlatSB_GetScrollProp
 0002:00006BDC       _FlatSB_SetScrollProp
 0002:00006BE0       _InitializeFlatSB
 0002:00006BE4       _UninitializeFlatSB
 0002:00006BE8       .6
 0002:00006BEC       OpenThemeData
 0002:00006BF0       CloseThemeData
 0002:00006BF4       DrawThemeBackground
 0002:00006BF8       DrawThemeText
 0002:00006BFC       GetThemeBackgroundContentRect
 0002:00006C00       GetThemeBackgroundExtent
 0002:00006C04       GetThemePartSize
 0002:00006C08       GetThemeTextExtent
 0002:00006C0C       GetThemeTextMetrics
 0002:00006C10       GetThemeBackgroundRegion
 0002:00006C14       HitTestThemeBackground
 0002:00006C18       DrawThemeEdge
 0002:00006C1C       DrawThemeIcon
 0002:00006C20       IsThemePartDefined
 0002:00006C24       IsThemeBackgroundPartiallyTransparent
 0002:00006C28       GetThemeColor
 0002:00006C2C       GetThemeMetric
 0002:00006C30       GetThemeString
 0002:00006C34       GetThemeBool
 0002:00006C38       GetThemeInt
 0002:00006C3C       GetThemeEnumValue
 0002:00006C40       GetThemePosition
 0002:00006C44       GetThemeFont
 0002:00006C48       GetThemeRect
 0002:00006C4C       GetThemeMargins
 0002:00006C50       GetThemeIntList
 0002:00006C54       GetThemePropertyOrigin
 0002:00006C58       SetWindowTheme
 0002:00006C5C       GetThemeFilename
 0002:00006C60       GetThemeSysColor
 0002:00006C64       GetThemeSysColorBrush
 0002:00006C68       GetThemeSysBool
 0002:00006C6C       GetThemeSysSize
 0002:00006C70       GetThemeSysFont
 0002:00006C74       GetThemeSysString
 0002:00006C78       GetThemeSysInt
 0002:00006C7C       IsThemeActive
 0002:00006C80       IsAppThemed
 0002:00006C84       GetWindowTheme
 0002:00006C88       EnableThemeDialogTexture
 0002:00006C8C       IsThemeDialogTextureEnabled
 0002:00006C90       GetThemeAppProperties
 0002:00006C94       SetThemeAppProperties
 0002:00006C98       GetCurrentThemeName
 0002:00006C9C       GetThemeDocumentationProperty
 0002:00006CA0       DrawThemeParentBackground
 0002:00006CA4       EnableTheming
 0002:00006CA8       .1
 0002:00006CAC       ThemeLibrary
 0002:00006CB0       ReferenceCount
 0002:00006CB4       Lock
 0002:00006CB8       .1
 0002:00006CBC       .4
 0002:00006CC0       .1
 0002:00006CC4       .11
 0002:00006CC8       HelpMsg
 0002:00006CCC       FindMsg
 0002:00006CD0       .12
 0002:00006CD4       .1
 0002:00006CD8       CF_PICTURE
 0002:00006CDA       CF_COMPONENT
 0002:00006CDC       .2
 0002:00006CE0       FClipboard
 0002:00006CE4       .1
 0002:00006CE8       .4
 0002:00006CEC       BitBtnGlyphs
 0002:00006D18       .3
 0002:00006D1C       .8
 0002:00006D20       .5
 0002:00006D24       .1
 0002:00006D28       .72
 0002:00006D2C       UrlMonHandle
 0002:00006D30       UrlMonInitialized
 0002:00006D34       .8
 0002:00006D38       .36
 0002:00006D3C       ShellModule
 0002:00006D40       FRichEditModule
 0002:00006D44       ComCtlVersion
 0002:00006D48       .2
 0002:00006D4C       InternalServices
 0002:00006D50       .42
 0002:00006D54       .73
 0002:00006D58       WinHelpTester
 0002:00006D5C       ViewerName
 0002:00006D60       .1
 0002:00006D64       HelpViewer
 0002:00006D68       HelpViewerIntf
 0002:00006D6C       Mouse
 0002:00006D70       NewStyleControls
 0002:00006D74       .72
 0002:00006D78       WindowAtom
 0002:00006D7A       ControlAtom
 0002:00006D7C       WindowAtomString
 0002:00006D80       ControlAtomString
 0002:00006D84       RM_GetObjectInstance
 0002:00006D88       DragControl
 0002:00006D8C       DragObject
 0002:00006D90       DragInternalObject
 0002:00006D94       DragCapture
 0002:00006D98       DragStartPos
 0002:00006DA0       DragSaveCursor
 0002:00006DA4       DragThreshold
 0002:00006DA8       ActiveDrag
 0002:00006DAC       DragImageList
 0002:00006DB0       DockSiteList
 0002:00006DB4       QualifyingSites
 0002:00006DB8       DragSave
 0002:00006DBC       CanvasList
 0002:00006DC0       _WINNLSEnableIME
 0002:00006DC4       _ImmGetContext
 0002:00006DC8       _ImmReleaseContext
 0002:00006DCC       _ImmGetConversionStatus
 0002:00006DD0       _ImmSetConversionStatus
 0002:00006DD4       _ImmSetOpenStatus
 0002:00006DD8       _ImmSetCompositionWindow
 0002:00006DDC       _ImmSetCompositionFont
 0002:00006DE0       _ImmGetCompositionString
 0002:00006DE4       _ImmIsIME
 0002:00006DE8       _ImmNotifyIME
 0002:00006DEC       .8
 0002:00006DF0       .3
 0002:00006DF4       CachedComCtrlVer
 0002:00006DF8       ImageListWriteExProc
 0002:00006DFC       PopupList
 0002:00006E00       ShortCutItems
 0002:00006E04       .9
 0002:00006E08       CommandPool
 0002:00006E0C       Application
 0002:00006E10       Screen
 0002:00006E14       .41
 0002:00006E18       RM_TaskbarCreated
 0002:00006E1C       HintThreadID
 0002:00006E20       HintDoneEvent
 0002:00006E24       HintHook
 0002:00006E28       HintThread
 0002:00006E2C       .1
 0002:00006E30       CustomMonthNames
 0002:00006E60       .2
 0002:00006E64       n
 0002:00006E68       .3
 0002:00006E6C       MainForm
 0002:00006E70       ser
 0002:00006E74       myFile
 0002:00007040       XonOff
 0002:00007044       .2


Line numbers for madLinkDisAsm(madLinkDisAsm.pas) segment .text

    19 0001:00060614    27 0001:0006061D    30 0001:0006062A

Line numbers for Form(Form.pas) segment .text

    45 0001:000B18D0    46 0001:000B18F3    48 0001:000B18FB    49 0001:000B190F
    50 0001:000B1921    52 0001:000B192A    53 0001:000B1940    54 0001:000B194F
    56 0001:000B195D    57 0001:000B198E    59 0001:000B19A0    60 0001:000B19D0
    61 0001:000B19DD    62 0001:000B1A39    63 0001:000B1A46    66 0001:000B1ACB
    69 0001:000B1ADB    71 0001:000B1AE0    73 0001:000B1AEC    75 0001:000B1AF1
    77 0001:000B1AFA    78 0001:000B1B04    81 0001:000B1B6E    83 0001:000B1BA2
    86 0001:000B1BE4    87 0001:000B1C02    88 0001:000B1C1F    89 0001:000B1C65
    90 0001:000B1C81    91 0001:000B1CA6    92 0001:000B1CBE    93 0001:000B1CD3
    94 0001:000B1CFB    95 0001:000B1D3A    99 0001:000B1D74   100 0001:000B1D86
   101 0001:000B1D90   104 0001:000B1D94   105 0001:000B1DAA   107 0001:000B1DB8
   108 0001:000B1DC7   109 0001:000B1DD6   110 0001:000B1DEF   112 0001:000B1DFE
   113 0001:000B1E20   114 0001:000B1E31   115 0001:000B1E3A   116 0001:000B1E5C
   120 0001:000B1EAC   121 0001:000B1EB1   122 0001:000B1EB6   125 0001:000B1EB8
   126 0001:000B1ECE   127 0001:000B1F0D   129 0001:000B1F44   129 0001:000B1F4B

Line numbers for CtlXY(C:\Programme\Borland\Delphi7\Projects\Serial\CtlXY.dpr) segment .text

    14 0001:000B21F4    15 0001:000B2204    16 0001:000B2210    17 0001:000B2228
    18 0001:000B2234

Bound resource files

c:\programme\borland\delphi7\Lib\Buttons.res
c:\programme\borland\delphi7\Lib\ExtDlgs.res
c:\programme\borland\delphi7\Lib\Controls.res
Form.DFM
CtlXY.RES
CtlXY.drf


Program entry point at 0001:000B21F4
